<html>
<body>
<pre>
<h1>µVision Build Log</h1>
<h2>Tool Versions:</h2>
IDE-Version: ¦ÌVision V5.28.0.0
Copyright (C) 2019 ARM Ltd and ARM Germany GmbH. All rights reserved.
License Information: 1 1, 1, LIC=76F5U-S6INI-FWB2N-YI6GF-7LG2Z-TECWC
 
Tool Versions:
Toolchain:       MDK-ARM Plus  Version: 5.28.0.0
Toolchain Path:  D:\software_work\keil5\ARM\ARMCC\Bin
C Compiler:      Armcc.exe V5.06 update 6 (build 750)
Assembler:       Armasm.exe V5.06 update 6 (build 750)
Linker/Locator:  ArmLink.exe V5.06 update 6 (build 750)
Library Manager: ArmAr.exe V5.06 update 6 (build 750)
Hex Converter:   FromElf.exe V5.06 update 6 (build 750)
CPU DLL:         SARMCM3.DLL V5.28.0.0
Dialog DLL:      DCM.DLL V1.17.3.0
Target DLL:      STLink\ST-LINKIII-KEIL_SWO.dll V3.0.6.0
Dialog DLL:      TCM.DLL V1.36.2.0
 
<h2>Project:</h2>
F:\DeskTop\freertos\4.freertos_create_lcd_task\MDK-ARM\STM32H750XB.uvprojx
Project File Date:  01/02/2024

<h2>Output:</h2>
*** Using Compiler 'V5.06 update 6 (build 750)', folder: 'D:\software_work\keil5\ARM\ARMCC\Bin'
Build target 'STM32H750XB'
assembling startup_stm32h750xx.s...
compiling sdmmc.c...
compiling dma.c...
compiling fmc.c...
compiling i2c.c...
compiling spi.c...
compiling usart.c...
compiling dma2d.c...
compiling tim.c...
compiling stm32h7xx_it.c...
compiling ltdc.c...
compiling gpio.c...
compiling adc.c...
compiling bsp_driver_sd.c...
compiling stm32h7xx_hal_msp.c...
compiling fatfs_platform.c...
compiling fatfs.c...
compiling sd_diskio.c...
compiling stm32h7xx_hal_gpio.c...
compiling stm32h7xx_hal_adc_ex.c...
compiling stm32h7xx_hal_flash.c...
compiling stm32h7xx_hal_flash_ex.c...
compiling stm32h7xx_hal_rcc.c...
compiling stm32h7xx_hal_hsem.c...
compiling stm32h7xx_hal_adc.c...
compiling stm32h7xx_hal_rcc_ex.c...
compiling stm32h7xx_hal_mdma.c...
compiling stm32h7xx_hal_pwr.c...
compiling stm32h7xx_hal_dma_ex.c...
compiling stm32h7xx_hal_dma.c...
compiling stm32h7xx_hal_i2c_ex.c...
compiling stm32h7xx_hal_pwr_ex.c...
compiling stm32h7xx_hal.c...
compiling stm32h7xx_hal_cortex.c...
compiling stm32h7xx_hal_i2c.c...
compiling stm32h7xx_hal_exti.c...
compiling stm32h7xx_ll_fmc.c...
compiling stm32h7xx_hal_dma2d.c...
compiling stm32h7xx_hal_ltdc_ex.c...
compiling stm32h7xx_ll_sdmmc.c...
compiling stm32h7xx_hal_sdram.c...
compiling stm32h7xx_hal_ltdc.c...
compiling stm32h7xx_hal_sd_ex.c...
compiling stm32h7xx_hal_spi_ex.c...
compiling stm32h7xx_ll_delayblock.c...
compiling stm32h7xx_hal_uart.c...
compiling stm32h7xx_hal_tim_ex.c...
compiling stm32h7xx_hal_sd.c...
compiling stm32h7xx_hal_uart_ex.c...
compiling stm32h7xx_hal_spi.c...
compiling diskio.c...
compiling stm32h7xx_hal_tim.c...
compiling system_stm32h7xx.c...
compiling syscall.c...
compiling ff_gen_drv.c...
compiling ring_buffer.c...
compiling ccsbcs.c...
compiling string.c...
compiling ff.c...
compiling bsp_led.c...
compiling bsp_sd.c...
compiling command.c...
compiling bsp_sdram.c...
compiling bsp_key.c...
..\BSP\bsp_key.c(22): warning:  #1-D: last line of file ends without a newline
   
..\BSP\bsp_key.c: 1 warning, 0 errors
compiling bsp_information.c...
compiling api_uart.c...
..\api\api_uart.h(43): warning:  #1-D: last line of file ends without a newline
  #endif /* _API_UART_H_ */
..\api\api_uart.c(18): warning:  #1-D: last line of file ends without a newline
   };
..\api\api_uart.c: 2 warnings, 0 errors
compiling bsp_tick.c...
compiling bsp_usart.c...
compiling cmd_setenv.c...
compiling exception.c...
compiling api_information.c...
..\api\api_information.h(42): warning:  #1295-D: Deprecated declaration test_chip_id_info - give arg types
  void test_chip_id_info();
..\api\api_information.c(189): warning:  #1-D: last line of file ends without a newline
   
..\api\api_information.c: 2 warnings, 0 errors
compiling cmd_clear.c...
..\lib\shell\cmd\cmd_clear.c(32): warning:  #940-D: missing return statement at end of non-void function "clear" 
  }
..\lib\shell\cmd\cmd_clear.c: 1 warning, 0 errors
compiling api_sdram.c...
..\api\api_sdram.c(15): warning:  #940-D: missing return statement at end of non-void function "api_sdram_config" 
  }
..\api\api_sdram.c(69): warning:  #68-D: integer conversion resulted in a change of sign
  				return -1;
..\api\api_sdram.c(27): warning:  #177-D: variable "test_buffer_arr"  was declared but never referenced
  	uint8_t test_buffer_arr[1024] ={0};
..\api\api_sdram.c: 3 warnings, 0 errors
compiling api_led.c...
compiling cmd_help.c...
..\lib\shell\cmd\cmd_help.c(17): warning:  #223-D: function "putstr" declared implicitly
  			putstr(cmds[i]->name);
..\lib\shell\cmd\cmd_help.c(31): warning:  #223-D: function "putstr" declared implicitly
  			putstr(cmd->name);
..\lib\shell\cmd\cmd_help.c(37): warning:  #223-D: function "putstr" declared implicitly
  			putstr("can not find command : ");
..\lib\shell\cmd\cmd_help.c: 3 warnings, 0 errors
compiling list.c...
compiling croutine.c...
compiling event_groups.c...
compiling queue.c...
compiling cmd_ram.c...
compiling parser.c...
compiling cmd_go.c...
compiling shell.c...
compiling heap_4.c...
compiling cmd_reboot.c...
compiling timers.c...
compiling stream_buffer.c...
compiling cmd_mem.c...
compiling interface_cmd.c...
compiling tasks.c...
compiling port.c...
compiling creat_task.c...
../api/api_information.h(42): warning:  #1295-D: Deprecated declaration test_chip_id_info - give arg types
  void test_chip_id_info();
..\RTOS_APP\creat_task\creat_task.c(149): warning:  #177-D: function "hardware_init"  was declared but never referenced
  	void hardware_init(void)
..\RTOS_APP\creat_task\creat_task.c: 2 warnings, 0 errors
compiling task_app.c...
..\RTOS_APP\task_app\task_app.c(50): warning:  #1-D: last line of file ends without a newline
  			
..\RTOS_APP\task_app\task_app.c: 1 warning, 0 errors
linking...
Program Size: Code=43996 RO-data=1316 RW-data=308 ZI-data=53396  
FromELF: creating hex file...
"STM32H750XB\STM32H750XB.axf" - 0 Error(s), 15 Warning(s).

<h2>Software Packages used:</h2>

Package Vendor: ARM
                http://www.keil.com/pack/ARM.CMSIS.5.9.0.pack
                ARM.CMSIS.5.9.0
                CMSIS (Common Microcontroller Software Interface Standard)
   * Component: CORE Version: 5.6.0

Package Vendor: Keil
                http://www.keil.com/pack/Keil.STM32H7xx_DFP.3.0.0.pack
                Keil.STM32H7xx_DFP.3.0.0
                STMicroelectronics STM32H7 Series Device Support and Examples

<h2>Collection of Component include folders:</h2>
  .\RTE\_STM32H750XB
  D:\software_work\keil5\ARM\CMSIS\5.9.0\CMSIS\Core\Include
  D:\software_work\keil5\Keil\STM32H7xx_DFP\3.0.0\Drivers\CMSIS\Device\ST\STM32H7xx\Include

<h2>Collection of Component Files used:</h2>

   * Component: ARM::CMSIS:CORE:5.6.0
      Include file:  CMSIS\Core\Include\tz_context.h
Build Time Elapsed:  00:00:17
</pre>
</body>
</html>
