Component: ARM Compiler 5.06 update 6 (build 750) Tool: armlink [4d35ed]

==============================================================================

Section Cross References

    startup_stm32h750xx.o(RESET) refers to startup_stm32h750xx.o(STACK) for __initial_sp
    startup_stm32h750xx.o(RESET) refers to startup_stm32h750xx.o(.text) for Reset_Handler
    startup_stm32h750xx.o(RESET) refers to stm32h7xx_it.o(i.NMI_Handler) for NMI_Handler
    startup_stm32h750xx.o(RESET) refers to stm32h7xx_it.o(i.HardFault_Handler) for HardFault_Handler
    startup_stm32h750xx.o(RESET) refers to stm32h7xx_it.o(i.MemManage_Handler) for MemManage_Handler
    startup_stm32h750xx.o(RESET) refers to stm32h7xx_it.o(i.BusFault_Handler) for BusFault_Handler
    startup_stm32h750xx.o(RESET) refers to stm32h7xx_it.o(i.UsageFault_Handler) for UsageFault_Handler
    startup_stm32h750xx.o(RESET) refers to port.o(.emb_text) for SVC_Handler
    startup_stm32h750xx.o(RESET) refers to stm32h7xx_it.o(i.DebugMon_Handler) for DebugMon_Handler
    startup_stm32h750xx.o(RESET) refers to port.o(i.SysTick_Handler) for SysTick_Handler
    startup_stm32h750xx.o(RESET) refers to stm32h7xx_it.o(i.EXTI4_IRQHandler) for EXTI4_IRQHandler
    startup_stm32h750xx.o(RESET) refers to stm32h7xx_it.o(i.DMA1_Stream2_IRQHandler) for DMA1_Stream2_IRQHandler
    startup_stm32h750xx.o(RESET) refers to stm32h7xx_it.o(i.DMA1_Stream4_IRQHandler) for DMA1_Stream4_IRQHandler
    startup_stm32h750xx.o(RESET) refers to stm32h7xx_it.o(i.TIM5_IRQHandler) for TIM5_IRQHandler
    startup_stm32h750xx.o(RESET) refers to stm32h7xx_it.o(i.UART4_IRQHandler) for UART4_IRQHandler
    startup_stm32h750xx.o(RESET) refers to stm32h7xx_it.o(i.LTDC_IRQHandler) for LTDC_IRQHandler
    startup_stm32h750xx.o(.text) refers to system_stm32h7xx.o(i.SystemInit) for SystemInit
    startup_stm32h750xx.o(.text) refers to entry.o(.ARM.Collect$$$$00000000) for __main
    main.o(i.PeriphCommonClock_Config) refers to memseta.o(.text) for __aeabi_memclr4
    main.o(i.PeriphCommonClock_Config) refers to stm32h7xx_hal_rcc_ex.o(i.HAL_RCCEx_PeriphCLKConfig) for HAL_RCCEx_PeriphCLKConfig
    main.o(i.SystemClock_Config) refers to memseta.o(.text) for __aeabi_memclr4
    main.o(i.SystemClock_Config) refers to stm32h7xx_hal_pwr_ex.o(i.HAL_PWREx_ConfigSupply) for HAL_PWREx_ConfigSupply
    main.o(i.SystemClock_Config) refers to stm32h7xx_hal_rcc.o(i.HAL_RCC_OscConfig) for HAL_RCC_OscConfig
    main.o(i.SystemClock_Config) refers to stm32h7xx_hal_rcc.o(i.HAL_RCC_ClockConfig) for HAL_RCC_ClockConfig
    main.o(i.main) refers to stm32h7xx_hal.o(i.HAL_Init) for HAL_Init
    main.o(i.main) refers to main.o(i.SystemClock_Config) for SystemClock_Config
    main.o(i.main) refers to main.o(i.PeriphCommonClock_Config) for PeriphCommonClock_Config
    main.o(i.main) refers to gpio.o(i.MX_GPIO_Init) for MX_GPIO_Init
    main.o(i.main) refers to dma.o(i.MX_DMA_Init) for MX_DMA_Init
    main.o(i.main) refers to usart.o(i.MX_UART4_Init) for MX_UART4_Init
    main.o(i.main) refers to adc.o(i.MX_ADC3_Init) for MX_ADC3_Init
    main.o(i.main) refers to tim.o(i.MX_TIM3_Init) for MX_TIM3_Init
    main.o(i.main) refers to tim.o(i.MX_TIM5_Init) for MX_TIM5_Init
    main.o(i.main) refers to tim.o(i.MX_TIM6_Init) for MX_TIM6_Init
    main.o(i.main) refers to i2c.o(i.MX_I2C1_Init) for MX_I2C1_Init
    main.o(i.main) refers to fmc.o(i.MX_FMC_Init) for MX_FMC_Init
    main.o(i.main) refers to dma2d.o(i.MX_DMA2D_Init) for MX_DMA2D_Init
    main.o(i.main) refers to ltdc.o(i.MX_LTDC_Init) for MX_LTDC_Init
    main.o(i.main) refers to sdmmc.o(i.MX_SDMMC1_SD_Init) for MX_SDMMC1_SD_Init
    main.o(i.main) refers to fatfs.o(i.MX_FATFS_Init) for MX_FATFS_Init
    main.o(i.main) refers to spi.o(i.MX_SPI1_Init) for MX_SPI1_Init
    main.o(i.main) refers to creat_task.o(i.FreeRTOS_Start) for FreeRTOS_Start
    gpio.o(i.MX_GPIO_Init) refers to memseta.o(.text) for __aeabi_memclr4
    gpio.o(i.MX_GPIO_Init) refers to stm32h7xx_hal_gpio.o(i.HAL_GPIO_WritePin) for HAL_GPIO_WritePin
    gpio.o(i.MX_GPIO_Init) refers to stm32h7xx_hal_gpio.o(i.HAL_GPIO_Init) for HAL_GPIO_Init
    gpio.o(i.MX_GPIO_Init) refers to stm32h7xx_hal_cortex.o(i.HAL_NVIC_SetPriority) for HAL_NVIC_SetPriority
    gpio.o(i.MX_GPIO_Init) refers to stm32h7xx_hal_cortex.o(i.HAL_NVIC_EnableIRQ) for HAL_NVIC_EnableIRQ
    adc.o(i.HAL_ADC_MspInit) refers to stm32h7xx_hal.o(i.HAL_SYSCFG_AnalogSwitchConfig) for HAL_SYSCFG_AnalogSwitchConfig
    adc.o(i.MX_ADC3_Init) refers to memseta.o(.text) for __aeabi_memclr4
    adc.o(i.MX_ADC3_Init) refers to stm32h7xx_hal_adc.o(i.HAL_ADC_Init) for HAL_ADC_Init
    adc.o(i.MX_ADC3_Init) refers to main.o(i.Error_Handler) for Error_Handler
    adc.o(i.MX_ADC3_Init) refers to stm32h7xx_hal_adc.o(i.HAL_ADC_ConfigChannel) for HAL_ADC_ConfigChannel
    adc.o(i.MX_ADC3_Init) refers to adc.o(.bss) for .bss
    dma.o(i.MX_DMA_Init) refers to stm32h7xx_hal_cortex.o(i.HAL_NVIC_SetPriority) for HAL_NVIC_SetPriority
[...]
    FDCAN2_IT1_IRQHandler                    0x9000038b   Thumb Code     0  startup_stm32h750xx.o(.text)
    FDCAN_CAL_IRQHandler                     0x9000038b   Thumb Code     0  startup_stm32h750xx.o(.text)
    FLASH_IRQHandler                         0x9000038b   Thumb Code     0  startup_stm32h750xx.o(.text)
    FMC_IRQHandler                           0x9000038b   Thumb Code     0  startup_stm32h750xx.o(.text)
    FPU_IRQHandler                           0x9000038b   Thumb Code     0  startup_stm32h750xx.o(.text)
    HASH_RNG_IRQHandler                      0x9000038b   Thumb Code     0  startup_stm32h750xx.o(.text)
    HRTIM1_FLT_IRQHandler                    0x9000038b   Thumb Code     0  startup_stm32h750xx.o(.text)
    HRTIM1_Master_IRQHandler                 0x9000038b   Thumb Code     0  startup_stm32h750xx.o(.text)
    HRTIM1_TIMA_IRQHandler                   0x9000038b   Thumb Code     0  startup_stm32h750xx.o(.text)
    HRTIM1_TIMB_IRQHandler                   0x9000038b   Thumb Code     0  startup_stm32h750xx.o(.text)
    HRTIM1_TIMC_IRQHandler                   0x9000038b   Thumb Code     0  startup_stm32h750xx.o(.text)
    HRTIM1_TIMD_IRQHandler                   0x9000038b   Thumb Code     0  startup_stm32h750xx.o(.text)
    HRTIM1_TIME_IRQHandler                   0x9000038b   Thumb Code     0  startup_stm32h750xx.o(.text)
    HSEM1_IRQHandler                         0x9000038b   Thumb Code     0  startup_stm32h750xx.o(.text)
    I2C1_ER_IRQHandler                       0x9000038b   Thumb Code     0  startup_stm32h750xx.o(.text)
    I2C1_EV_IRQHandler                       0x9000038b   Thumb Code     0  startup_stm32h750xx.o(.text)
    I2C2_ER_IRQHandler                       0x9000038b   Thumb Code     0  startup_stm32h750xx.o(.text)
    I2C2_EV_IRQHandler                       0x9000038b   Thumb Code     0  startup_stm32h750xx.o(.text)
    I2C3_ER_IRQHandler                       0x9000038b   Thumb Code     0  startup_stm32h750xx.o(.text)
    I2C3_EV_IRQHandler                       0x9000038b   Thumb Code     0  startup_stm32h750xx.o(.text)
    I2C4_ER_IRQHandler                       0x9000038b   Thumb Code     0  startup_stm32h750xx.o(.text)
    I2C4_EV_IRQHandler                       0x9000038b   Thumb Code     0  startup_stm32h750xx.o(.text)
    JPEG_IRQHandler                          0x9000038b   Thumb Code     0  startup_stm32h750xx.o(.text)
    LPTIM1_IRQHandler                        0x9000038b   Thumb Code     0  startup_stm32h750xx.o(.text)
    LPTIM2_IRQHandler                        0x9000038b   Thumb Code     0  startup_stm32h750xx.o(.text)
    LPTIM3_IRQHandler                        0x9000038b   Thumb Code     0  startup_stm32h750xx.o(.text)
    LPTIM4_IRQHandler                        0x9000038b   Thumb Code     0  startup_stm32h750xx.o(.text)
    LPTIM5_IRQHandler                        0x9000038b   Thumb Code     0  startup_stm32h750xx.o(.text)
    LPUART1_IRQHandler                       0x9000038b   Thumb Code     0  startup_stm32h750xx.o(.text)
    LTDC_ER_IRQHandler                       0x9000038b   Thumb Code     0  startup_stm32h750xx.o(.text)
    MDIOS_IRQHandler                         0x9000038b   Thumb Code     0  startup_stm32h750xx.o(.text)
    MDIOS_WKUP_IRQHandler                    0x9000038b   Thumb Code     0  startup_stm32h750xx.o(.text)
    MDMA_IRQHandler                          0x9000038b   Thumb Code     0  startup_stm32h750xx.o(.text)
    OTG_FS_EP1_IN_IRQHandler                 0x9000038b   Thumb Code     0  startup_stm32h750xx.o(.text)
    OTG_FS_EP1_OUT_IRQHandler                0x9000038b   Thumb Code     0  startup_stm32h750xx.o(.text)
    OTG_FS_IRQHandler                        0x9000038b   Thumb Code     0  startup_stm32h750xx.o(.text)
    OTG_FS_WKUP_IRQHandler                   0x9000038b   Thumb Code     0  startup_stm32h750xx.o(.text)
    OTG_HS_EP1_IN_IRQHandler                 0x9000038b   Thumb Code     0  startup_stm32h750xx.o(.text)
    OTG_HS_EP1_OUT_IRQHandler                0x9000038b   Thumb Code     0  startup_stm32h750xx.o(.text)
    OTG_HS_IRQHandler                        0x9000038b   Thumb Code     0  startup_stm32h750xx.o(.text)
    OTG_HS_WKUP_IRQHandler                   0x9000038b   Thumb Code     0  startup_stm32h750xx.o(.text)
    PVD_AVD_IRQHandler                       0x9000038b   Thumb Code     0  startup_stm32h750xx.o(.text)
    QUADSPI_IRQHandler                       0x9000038b   Thumb Code     0  startup_stm32h750xx.o(.text)
    RCC_IRQHandler                           0x9000038b   Thumb Code     0  startup_stm32h750xx.o(.text)
    RTC_Alarm_IRQHandler                     0x9000038b   Thumb Code     0  startup_stm32h750xx.o(.text)
    RTC_WKUP_IRQHandler                      0x9000038b   Thumb Code     0  startup_stm32h750xx.o(.text)
    SAI1_IRQHandler                          0x9000038b   Thumb Code     0  startup_stm32h750xx.o(.text)
    SAI2_IRQHandler                          0x9000038b   Thumb Code     0  startup_stm32h750xx.o(.text)
    SAI3_IRQHandler                          0x9000038b   Thumb Code     0  startup_stm32h750xx.o(.text)
    SAI4_IRQHandler                          0x9000038b   Thumb Code     0  startup_stm32h750xx.o(.text)
    SDMMC1_IRQHandler                        0x9000038b   Thumb Code     0  startup_stm32h750xx.o(.text)
    SDMMC2_IRQHandler                        0x9000038b   Thumb Code     0  startup_stm32h750xx.o(.text)
    SPDIF_RX_IRQHandler                      0x9000038b   Thumb Code     0  startup_stm32h750xx.o(.text)
    SPI1_IRQHandler                          0x9000038b   Thumb Code     0  startup_stm32h750xx.o(.text)
    SPI2_IRQHandler                          0x9000038b   Thumb Code     0  startup_stm32h750xx.o(.text)
    SPI3_IRQHandler                          0x9000038b   Thumb Code     0  startup_stm32h750xx.o(.text)
    SPI4_IRQHandler                          0x9000038b   Thumb Code     0  startup_stm32h750xx.o(.text)
    SPI5_IRQHandler                          0x9000038b   Thumb Code     0  startup_stm32h750xx.o(.text)
    SPI6_IRQHandler                          0x9000038b   Thumb Code     0  startup_stm32h750xx.o(.text)
    SWPMI1_IRQHandler                        0x9000038b   Thumb Code     0  startup_stm32h750xx.o(.text)
    TAMP_STAMP_IRQHandler                    0x9000038b   Thumb Code     0  startup_stm32h750xx.o(.text)
    TIM15_IRQHandler                         0x9000038b   Thumb Code     0  startup_stm32h750xx.o(.text)
    TIM16_IRQHandler                         0x9000038b   Thumb Code     0  startup_stm32h750xx.o(.text)
    TIM17_IRQHandler                         0x9000038b   Thumb Code     0  startup_stm32h750xx.o(.text)
    TIM1_BRK_IRQHandler                      0x9000038b   Thumb Code     0  startup_stm32h750xx.o(.text)
    TIM1_CC_IRQHandler                       0x9000038b   Thumb Code     0  startup_stm32h750xx.o(.text)
    TIM1_TRG_COM_IRQHandler                  0x9000038b   Thumb Code     0  startup_stm32h750xx.o(.text)
    TIM1_UP_IRQHandler                       0x9000038b   Thumb Code     0  startup_stm32h750xx.o(.text)
    TIM2_IRQHandler                          0x9000038b   Thumb Code     0  startup_stm32h750xx.o(.text)
    TIM3_IRQHandler                          0x9000038b   Thumb Code     0  startup_stm32h750xx.o(.text)
    TIM4_IRQHandler                          0x9000038b   Thumb Code     0  startup_stm32h750xx.o(.text)
    TIM6_DAC_IRQHandler                      0x9000038b   Thumb Code     0  startup_stm32h750xx.o(.text)
    TIM7_IRQHandler                          0x9000038b   Thumb Code     0  startup_stm32h750xx.o(.text)
    TIM8_BRK_TIM12_IRQHandler                0x9000038b   Thumb Code     0  startup_stm32h750xx.o(.text)
    TIM8_CC_IRQHandler                       0x9000038b   Thumb Code     0  startup_stm32h750xx.o(.text)
    TIM8_TRG_COM_TIM14_IRQHandler            0x9000038b   Thumb Code     0  startup_stm32h750xx.o(.text)
    TIM8_UP_TIM13_IRQHandler                 0x9000038b   Thumb Code     0  startup_stm32h750xx.o(.text)
    UART5_IRQHandler                         0x9000038b   Thumb Code     0  startup_stm32h750xx.o(.text)
    UART7_IRQHandler                         0x9000038b   Thumb Code     0  startup_stm32h750xx.o(.text)
    UART8_IRQHandler                         0x9000038b   Thumb Code     0  startup_stm32h750xx.o(.text)
    USART1_IRQHandler                        0x9000038b   Thumb Code     0  startup_stm32h750xx.o(.text)
    USART2_IRQHandler                        0x9000038b   Thumb Code     0  startup_stm32h750xx.o(.text)
    USART3_IRQHandler                        0x9000038b   Thumb Code     0  startup_stm32h750xx.o(.text)
    USART6_IRQHandler                        0x9000038b   Thumb Code     0  startup_stm32h750xx.o(.text)
    WAKEUP_PIN_IRQHandler                    0x9000038b   Thumb Code     0  startup_stm32h750xx.o(.text)
    WWDG_IRQHandler                          0x9000038b   Thumb Code     0  startup_stm32h750xx.o(.text)
    __aeabi_uldivmod                         0x90000395   Thumb Code    98  uldiv.o(.text)
    ___aeabi_memcpy8$move                    0x900003f7   Thumb Code     0  memmovea.o(.text)
    __aeabi_memcpy                           0x900003f7   Thumb Code    64  memmovea.o(.text)
    __aeabi_memcpy4                          0x900003f7   Thumb Code     0  memmovea.o(.text)
    __aeabi_memmove                          0x900003f7   Thumb Code     0  memmovea.o(.text)
    __aeabi_memmove4                         0x900003f7   Thumb Code     0  memmovea.o(.text)
    __aeabi_memmove8                         0x900003f7   Thumb Code     0  memmovea.o(.text)
    __aeabi_memset                           0x90000437   Thumb Code    14  memseta.o(.text)
    __aeabi_memset4                          0x90000437   Thumb Code     0  memseta.o(.text)
    __aeabi_memset8                          0x90000437   Thumb Code     0  memseta.o(.text)
    __aeabi_memclr                           0x90000445   Thumb Code     4  memseta.o(.text)
    __aeabi_memclr4                          0x90000445   Thumb Code     0  memseta.o(.text)
    __aeabi_memclr8                          0x90000445   Thumb Code     0  memseta.o(.text)
    _memset$wrapper                          0x90000449   Thumb Code    18  memseta.o(.text)
    strlen                                   0x9000045b   Thumb Code    14  strlen.o(.text)
    strcmp                                   0x90000469   Thumb Code    28  strcmp.o(.text)
    memcmp                                   0x90000485   Thumb Code    26  memcmp.o(.text)
    __0sscanf                                0x900004a1   Thumb Code    48  __0sscanf.o(.text)
    _scanf_int                               0x900004d9   Thumb Code   332  _scanf_int.o(.text)
    __aeabi_llsl                             0x90000625   Thumb Code    30  llshl.o(.text)
    _ll_shift_l                              0x90000625   Thumb Code     0  llshl.o(.text)
    __aeabi_llsr                             0x90000643   Thumb Code    32  llushr.o(.text)
    _ll_ushift_r                             0x90000643   Thumb Code     0  llushr.o(.text)
    _chval                                   0x90000663   Thumb Code    28  _chval.o(.text)
    __vfscanf_char                           0x9000068d   Thumb Code    20  scanf_char.o(.text)
    _sgetc                                   0x900006a9   Thumb Code    30  _sgetc.o(.text)
    _sbackspace                              0x900006c7   Thumb Code    34  _sgetc.o(.text)
    __scatterload                            0x900006e9   Thumb Code    28  init.o(.text)
    __scatterload_rt2                        0x900006e9   Thumb Code     0  init.o(.text)
    isspace                                  0x9000070d   Thumb Code    10  isspace_c.o(.text)
    __vfscanf                                0x90000719   Thumb Code   808  _scanf.o(.text)
    __ctype_lookup                           0x90000a45   Thumb Code    34  ctype_c.o(.text)
    __decompress                             0x90000a6d   Thumb Code     0  __dczerorl2.o(.text)
    __decompress1                            0x90000a6d   Thumb Code    86  __dczerorl2.o(.text)
    ADC_ConfigureBoostMode                   0x90000ac5   Thumb Code   236  stm32h7xx_hal_adc.o(i.ADC_ConfigureBoostMode)
    BSP_PlatformIsDetected                   0x90000bcd   Thumb Code    20  fatfs_platform.o(i.BSP_PlatformIsDetected)
    BSP_SD_GetCardInfo                       0x90000be5   Thumb Code     8  bsp_driver_sd.o(i.BSP_SD_GetCardInfo)
    BSP_SD_GetCardState                      0x90000bf1   Thumb Code    20  bsp_driver_sd.o(i.BSP_SD_GetCardState)
    BSP_SD_Init                              0x90000c09   Thumb Code    42  bsp_driver_sd.o(i.BSP_SD_Init)
    BSP_SD_IsDetected                        0x90000c39   Thumb Code    26  bsp_driver_sd.o(i.BSP_SD_IsDetected)
    BSP_SD_ReadBlocks                        0x90000c55   Thumb Code    26  bsp_driver_sd.o(i.BSP_SD_ReadBlocks)
    BSP_SD_WriteBlocks                       0x90000c75   Thumb Code    26  bsp_driver_sd.o(i.BSP_SD_WriteBlocks)
    BusFault_Handler                         0x90000c95   Thumb Code     2  stm32h7xx_it.o(i.BusFault_Handler)
    DMA1_Stream2_IRQHandler                  0x90000c99   Thumb Code     6  stm32h7xx_it.o(i.DMA1_Stream2_IRQHandler)
    DMA1_Stream4_IRQHandler                  0x90000ca5   Thumb Code     6  stm32h7xx_it.o(i.DMA1_Stream4_IRQHandler)
    DebugMon_Handler                         0x90000ec9   Thumb Code     2  stm32h7xx_it.o(i.DebugMon_Handler)
    DisplayTask                              0x90000ecb   Thumb Code     8  task_app.o(i.DisplayTask)
    EXTI4_IRQHandler                         0x90000ed3   Thumb Code     6  stm32h7xx_it.o(i.EXTI4_IRQHandler)
    Error_Handler                            0x90000ed9   Thumb Code     4  main.o(i.Error_Handler)
    FATFS_LinkDriver                         0x90000edd   Thumb Code     6  ff_gen_drv.o(i.FATFS_LinkDriver)
    FATFS_LinkDriverEx                       0x90000ee5   Thumb Code    58  ff_gen_drv.o(i.FATFS_LinkDriverEx)
    FMC_SDRAM_Init                           0x90000f25   Thumb Code   106  stm32h7xx_ll_fmc.o(i.FMC_SDRAM_Init)
    FMC_SDRAM_Timing_Init                    0x90000f91   Thumb Code   164  stm32h7xx_ll_fmc.o(i.FMC_SDRAM_Timing_Init)
    FreeRTOS_Start                           0x90001041   Thumb Code    38  creat_task.o(i.FreeRTOS_Start)
    HAL_ADC_ConfigChannel                    0x90001081   Thumb Code   928  stm32h7xx_hal_adc.o(i.HAL_ADC_ConfigChannel)
    HAL_ADC_Init                             0x90001459   Thumb Code   498  stm32h7xx_hal_adc.o(i.HAL_ADC_Init)
    HAL_ADC_MspInit                          0x90001681   Thumb Code    60  adc.o(i.HAL_ADC_MspInit)
    HAL_DMA2D_ConfigLayer                    0x900016c5   Thumb Code   190  stm32h7xx_hal_dma2d.o(i.HAL_DMA2D_ConfigLayer)
    HAL_DMA2D_Init                           0x9000178d   Thumb Code   130  stm32h7xx_hal_dma2d.o(i.HAL_DMA2D_Init)
    HAL_DMA2D_MspInit                        0x90001815   Thumb Code    30  dma2d.o(i.HAL_DMA2D_MspInit)
    HAL_DMA_Abort                            0x9000183d   Thumb Code   836  stm32h7xx_hal_dma.o(i.HAL_DMA_Abort)
    HAL_DMA_Abort_IT                         0x90001b9d   Thumb Code   602  stm32h7xx_hal_dma.o(i.HAL_DMA_Abort_IT)
    HAL_DMA_IRQHandler                       0x90001e21   Thumb Code  1756  stm32h7xx_hal_dma.o(i.HAL_DMA_IRQHandler)
    HAL_DMA_Init                             0x90002509   Thumb Code   926  stm32h7xx_hal_dma.o(i.HAL_DMA_Init)
    HAL_Delay                                0x900028cd   Thumb Code    32  stm32h7xx_hal.o(i.HAL_Delay)
    HAL_GPIO_EXTI_Callback                   0x900029bd   Thumb Code     2  stm32h7xx_hal_gpio.o(i.HAL_GPIO_EXTI_Callback)
    HAL_GPIO_EXTI_IRQHandler                 0x900029bf   Thumb Code    24  stm32h7xx_hal_gpio.o(i.HAL_GPIO_EXTI_IRQHandler)
    HAL_GPIO_Init                            0x900029d9   Thumb Code   506  stm32h7xx_hal_gpio.o(i.HAL_GPIO_Init)
    HAL_GPIO_ReadPin                         0x90002c05   Thumb Code    10  stm32h7xx_hal_gpio.o(i.HAL_GPIO_ReadPin)
    HAL_GPIO_TogglePin                       0x90002c0f   Thumb Code    16  stm32h7xx_hal_gpio.o(i.HAL_GPIO_TogglePin)
    HAL_GPIO_WritePin                        0x90002c1f   Thumb Code    10  stm32h7xx_hal_gpio.o(i.HAL_GPIO_WritePin)
    HAL_GetREVID                             0x90002c29   Thumb Code     8  stm32h7xx_hal.o(i.HAL_GetREVID)
    HAL_GetTick                              0x90002c35   Thumb Code     6  stm32h7xx_hal.o(i.HAL_GetTick)
    HAL_I2CEx_ConfigAnalogFilter             0x90002c41   Thumb Code    88  stm32h7xx_hal_i2c_ex.o(i.HAL_I2CEx_ConfigAnalogFilter)
    HAL_I2CEx_ConfigDigitalFilter            0x90002c99   Thumb Code    84  stm32h7xx_hal_i2c_ex.o(i.HAL_I2CEx_ConfigDigitalFilter)
    HAL_I2C_Init                             0x90002ced   Thumb Code   180  stm32h7xx_hal_i2c.o(i.HAL_I2C_Init)
    HAL_I2C_MspInit                          0x90002da5   Thumb Code    92  i2c.o(i.HAL_I2C_MspInit)
    HAL_Init                                 0x90002e0d   Thumb Code    74  stm32h7xx_hal.o(i.HAL_Init)
    HAL_InitTick                             0x90002e69   Thumb Code    56  stm32h7xx_hal.o(i.HAL_InitTick)
    HAL_LTDC_ConfigLayer                     0x90002ea9   Thumb Code    82  stm32h7xx_hal_ltdc.o(i.HAL_LTDC_ConfigLayer)
    HAL_LTDC_ErrorCallback                   0x90002efb   Thumb Code     2  stm32h7xx_hal_ltdc.o(i.HAL_LTDC_ErrorCallback)
    HAL_LTDC_IRQHandler                      0x90002efd   Thumb Code   200  stm32h7xx_hal_ltdc.o(i.HAL_LTDC_IRQHandler)
    HAL_LTDC_Init                            0x90002fc5   Thumb Code   242  stm32h7xx_hal_ltdc.o(i.HAL_LTDC_Init)
    HAL_LTDC_LineEventCallback               0x900030bd   Thumb Code     2  stm32h7xx_hal_ltdc.o(i.HAL_LTDC_LineEventCallback)
    HAL_LTDC_MspInit                         0x900030c1   Thumb Code   166  ltdc.o(i.HAL_LTDC_MspInit)
    HAL_LTDC_ReloadEventCallback             0x9000317d   Thumb Code     2  stm32h7xx_hal_ltdc.o(i.HAL_LTDC_ReloadEventCallback)
    HAL_MspInit                              0x90003181   Thumb Code    22  stm32h7xx_hal_msp.o(i.HAL_MspInit)
    HAL_NVIC_EnableIRQ                       0x9000319d   Thumb Code    26  stm32h7xx_hal_cortex.o(i.HAL_NVIC_EnableIRQ)
    HAL_NVIC_SetPriority                     0x900031b9   Thumb Code    60  stm32h7xx_hal_cortex.o(i.HAL_NVIC_SetPriority)
    HAL_NVIC_SetPriorityGrouping             0x900031f9   Thumb Code    28  stm32h7xx_hal_cortex.o(i.HAL_NVIC_SetPriorityGrouping)
    HAL_PWREx_ConfigSupply                   0x9000321d   Thumb Code    78  stm32h7xx_hal_pwr_ex.o(i.HAL_PWREx_ConfigSupply)
    HAL_RCCEx_GetD3PCLK1Freq                 0x90003271   Thumb Code    26  stm32h7xx_hal_rcc_ex.o(i.HAL_RCCEx_GetD3PCLK1Freq)
    HAL_RCCEx_GetPLL1ClockFreq               0x90003295   Thumb Code   298  stm32h7xx_hal_rcc_ex.o(i.HAL_RCCEx_GetPLL1ClockFreq)
    HAL_RCCEx_GetPLL2ClockFreq               0x900033dd   Thumb Code   296  stm32h7xx_hal_rcc_ex.o(i.HAL_RCCEx_GetPLL2ClockFreq)
    HAL_RCCEx_GetPLL3ClockFreq               0x90003521   Thumb Code   296  stm32h7xx_hal_rcc_ex.o(i.HAL_RCCEx_GetPLL3ClockFreq)
    HAL_RCCEx_GetPeriphCLKFreq               0x90003665   Thumb Code   692  stm32h7xx_hal_rcc_ex.o(i.HAL_RCCEx_GetPeriphCLKFreq)
    HAL_RCCEx_PeriphCLKConfig                0x9000392d   Thumb Code  2472  stm32h7xx_hal_rcc_ex.o(i.HAL_RCCEx_PeriphCLKConfig)
    HAL_RCC_ClockConfig                      0x900042d9   Thumb Code   580  stm32h7xx_hal_rcc.o(i.HAL_RCC_ClockConfig)
    HAL_RCC_GetHCLKFreq                      0x90004535   Thumb Code    52  stm32h7xx_hal_rcc.o(i.HAL_RCC_GetHCLKFreq)
    HAL_RCC_GetPCLK1Freq                     0x90004579   Thumb Code    26  stm32h7xx_hal_rcc.o(i.HAL_RCC_GetPCLK1Freq)
    HAL_RCC_GetPCLK2Freq                     0x9000459d   Thumb Code    26  stm32h7xx_hal_rcc.o(i.HAL_RCC_GetPCLK2Freq)
    HAL_RCC_GetSysClockFreq                  0x900045c1   Thumb Code   278  stm32h7xx_hal_rcc.o(i.HAL_RCC_GetSysClockFreq)
    HAL_RCC_OscConfig                        0x900046f9   Thumb Code  1410  stm32h7xx_hal_rcc.o(i.HAL_RCC_OscConfig)
    HAL_SDRAM_Init                           0x90004c7d   Thumb Code    76  stm32h7xx_hal_sdram.o(i.HAL_SDRAM_Init)
    HAL_SDRAM_MspInit                        0x90004ccd   Thumb Code     4  fmc.o(i.HAL_SDRAM_MspInit)
    HAL_SD_ConfigWideBusOperation            0x90004cd1   Thumb Code   378  stm32h7xx_hal_sd.o(i.HAL_SD_ConfigWideBusOperation)
    HAL_SD_GetCardCSD                        0x90004e59   Thumb Code   440  stm32h7xx_hal_sd.o(i.HAL_SD_GetCardCSD)
    HAL_SD_GetCardInfo                       0x90005015   Thumb Code    36  stm32h7xx_hal_sd.o(i.HAL_SD_GetCardInfo)
    HAL_SD_GetCardState                      0x90005039   Thumb Code    44  stm32h7xx_hal_sd.o(i.HAL_SD_GetCardState)
    HAL_SD_GetCardStatus                     0x90005065   Thumb Code   200  stm32h7xx_hal_sd.o(i.HAL_SD_GetCardStatus)
    HAL_SD_Init                              0x90005131   Thumb Code   154  stm32h7xx_hal_sd.o(i.HAL_SD_Init)
    HAL_SD_InitCard                          0x900051cd   Thumb Code   158  stm32h7xx_hal_sd.o(i.HAL_SD_InitCard)
    HAL_SD_MspInit                           0x90005279   Thumb Code   162  sdmmc.o(i.HAL_SD_MspInit)
    HAL_SD_ReadBlocks                        0x9000532d   Thumb Code   444  stm32h7xx_hal_sd.o(i.HAL_SD_ReadBlocks)
    HAL_SD_WriteBlocks                       0x900054f1   Thumb Code   466  stm32h7xx_hal_sd.o(i.HAL_SD_WriteBlocks)
    HAL_SPI_Init                             0x900056cd   Thumb Code   366  stm32h7xx_hal_spi.o(i.HAL_SPI_Init)
    HAL_SPI_MspInit                          0x90005849   Thumb Code   164  spi.o(i.HAL_SPI_MspInit)
    HAL_SYSCFG_AnalogSwitchConfig            0x90005901   Thumb Code    12  stm32h7xx_hal.o(i.HAL_SYSCFG_AnalogSwitchConfig)
    HAL_SYSTICK_Config                       0x90005911   Thumb Code    38  stm32h7xx_hal_cortex.o(i.HAL_SYSTICK_Config)
    HAL_TIMEx_Break2Callback                 0x90005937   Thumb Code     2  stm32h7xx_hal_tim_ex.o(i.HAL_TIMEx_Break2Callback)
    HAL_TIMEx_BreakCallback                  0x90005939   Thumb Code     2  stm32h7xx_hal_tim_ex.o(i.HAL_TIMEx_BreakCallback)
    HAL_TIMEx_CommutCallback                 0x9000593b   Thumb Code     2  stm32h7xx_hal_tim_ex.o(i.HAL_TIMEx_CommutCallback)
    HAL_TIMEx_MasterConfigSynchronization    0x9000593d   Thumb Code   134  stm32h7xx_hal_tim_ex.o(i.HAL_TIMEx_MasterConfigSynchronization)
    HAL_TIM_Base_Init                        0x900059e1   Thumb Code    98  stm32h7xx_hal_tim.o(i.HAL_TIM_Base_Init)
    HAL_TIM_Base_MspInit                     0x90005a45   Thumb Code   128  tim.o(i.HAL_TIM_Base_MspInit)
    HAL_TIM_ConfigClockSource                0x90005ad5   Thumb Code   248  stm32h7xx_hal_tim.o(i.HAL_TIM_ConfigClockSource)
    HAL_TIM_IC_CaptureCallback               0x90005bd1   Thumb Code     2  stm32h7xx_hal_tim.o(i.HAL_TIM_IC_CaptureCallback)
    HAL_TIM_IC_ConfigChannel                 0x90005bd3   Thumb Code   290  stm32h7xx_hal_tim.o(i.HAL_TIM_IC_ConfigChannel)
    HAL_TIM_IC_Init                          0x90005cf5   Thumb Code    98  stm32h7xx_hal_tim.o(i.HAL_TIM_IC_Init)
    HAL_TIM_IC_MspInit                       0x90005d57   Thumb Code     2  stm32h7xx_hal_tim.o(i.HAL_TIM_IC_MspInit)
    HAL_TIM_IRQHandler                       0x90005d59   Thumb Code   386  stm32h7xx_hal_tim.o(i.HAL_TIM_IRQHandler)
    HAL_TIM_MspPostInit                      0x90005edd   Thumb Code    68  tim.o(i.HAL_TIM_MspPostInit)
    HAL_TIM_OC_DelayElapsedCallback          0x90005f2d   Thumb Code     2  stm32h7xx_hal_tim.o(i.HAL_TIM_OC_DelayElapsedCallback)
    HAL_TIM_PWM_ConfigChannel                0x90005f2f   Thumb Code   292  stm32h7xx_hal_tim.o(i.HAL_TIM_PWM_ConfigChannel)
    HAL_TIM_PWM_Init                         0x90006053   Thumb Code    98  stm32h7xx_hal_tim.o(i.HAL_TIM_PWM_Init)
    HAL_TIM_PWM_MspInit                      0x900060b5   Thumb Code    30  tim.o(i.HAL_TIM_PWM_MspInit)
    HAL_TIM_PWM_PulseFinishedCallback        0x900060dd   Thumb Code     2  stm32h7xx_hal_tim.o(i.HAL_TIM_PWM_PulseFinishedCallback)
    HAL_TIM_PeriodElapsedCallback            0x900060df   Thumb Code     2  stm32h7xx_hal_tim.o(i.HAL_TIM_PeriodElapsedCallback)
    HAL_TIM_TriggerCallback                  0x900060e1   Thumb Code     2  stm32h7xx_hal_tim.o(i.HAL_TIM_TriggerCallback)
    HAL_UARTEx_DisableFifoMode               0x900060e3   Thumb Code    64  stm32h7xx_hal_uart_ex.o(i.HAL_UARTEx_DisableFifoMode)
    HAL_UARTEx_RxEventCallback               0x90006123   Thumb Code     2  stm32h7xx_hal_uart.o(i.HAL_UARTEx_RxEventCallback)
    HAL_UARTEx_RxFifoFullCallback            0x90006125   Thumb Code     2  stm32h7xx_hal_uart_ex.o(i.HAL_UARTEx_RxFifoFullCallback)
    HAL_UARTEx_SetRxFifoThreshold            0x90006127   Thumb Code    76  stm32h7xx_hal_uart_ex.o(i.HAL_UARTEx_SetRxFifoThreshold)
    HAL_UARTEx_SetTxFifoThreshold            0x90006173   Thumb Code    76  stm32h7xx_hal_uart_ex.o(i.HAL_UARTEx_SetTxFifoThreshold)
    HAL_UARTEx_TxFifoEmptyCallback           0x900061bf   Thumb Code     2  stm32h7xx_hal_uart_ex.o(i.HAL_UARTEx_TxFifoEmptyCallback)
    HAL_UARTEx_WakeupCallback                0x900061c1   Thumb Code     2  stm32h7xx_hal_uart_ex.o(i.HAL_UARTEx_WakeupCallback)
    HAL_UART_ErrorCallback                   0x900061c3   Thumb Code     2  stm32h7xx_hal_uart.o(i.HAL_UART_ErrorCallback)
    HAL_UART_IRQHandler                      0x900061c5   Thumb Code   878  stm32h7xx_hal_uart.o(i.HAL_UART_IRQHandler)
    HAL_UART_Init                            0x9000654d   Thumb Code   106  stm32h7xx_hal_uart.o(i.HAL_UART_Init)
    HAL_UART_MspInit                         0x900065b9   Thumb Code   252  usart.o(i.HAL_UART_MspInit)
    HAL_UART_Receive                         0x900066cd   Thumb Code   232  stm32h7xx_hal_uart.o(i.HAL_UART_Receive)
    HAL_UART_Transmit                        0x900067b5   Thumb Code   176  stm32h7xx_hal_uart.o(i.HAL_UART_Transmit)
    HAL_UART_TxCpltCallback                  0x90006865   Thumb Code     2  stm32h7xx_hal_uart.o(i.HAL_UART_TxCpltCallback)
    HardFault_Handler                        0x90006867   Thumb Code     2  stm32h7xx_it.o(i.HardFault_Handler)
    LTDC_IRQHandler                          0x90006899   Thumb Code     6  stm32h7xx_it.o(i.LTDC_IRQHandler)
    LedTask                                  0x90006a75   Thumb Code    38  task_app.o(i.LedTask)
    MX_ADC3_Init                             0x90006aa5   Thumb Code   154  adc.o(i.MX_ADC3_Init)
    MX_DMA2D_Init                            0x90006b55   Thumb Code    64  dma2d.o(i.MX_DMA2D_Init)
    MX_DMA_Init                              0x90006b9d   Thumb Code    56  dma.o(i.MX_DMA_Init)
    MX_FATFS_Init                            0x90006bd9   Thumb Code    18  fatfs.o(i.MX_FATFS_Init)
    MX_FMC_Init                              0x90006bf5   Thumb Code    84  fmc.o(i.MX_FMC_Init)
    MX_GPIO_Init                             0x90006c51   Thumb Code   462  gpio.o(i.MX_GPIO_Init)
    MX_I2C1_Init                             0x90006e3d   Thumb Code    76  i2c.o(i.MX_I2C1_Init)
    MX_LTDC_Init                             0x90006e95   Thumb Code   234  ltdc.o(i.MX_LTDC_Init)
    MX_SDMMC1_SD_Init                        0x90006f8d   Thumb Code    28  sdmmc.o(i.MX_SDMMC1_SD_Init)
    MX_SPI1_Init                             0x90006fb1   Thumb Code    80  spi.o(i.MX_SPI1_Init)
    MX_TIM3_Init                             0x90007009   Thumb Code   110  tim.o(i.MX_TIM3_Init)
    MX_TIM5_Init                             0x90007081   Thumb Code   146  tim.o(i.MX_TIM5_Init)
    MX_TIM6_Init                             0x9000711d   Thumb Code    62  tim.o(i.MX_TIM6_Init)
    MX_UART4_Init                            0x90007165   Thumb Code    94  usart.o(i.MX_UART4_Init)
    MemManage_Handler                        0x900071cd   Thumb Code     2  stm32h7xx_it.o(i.MemManage_Handler)
    NMI_Handler                              0x900071cf   Thumb Code     2  stm32h7xx_it.o(i.NMI_Handler)
    PeriphCommonClock_Config                 0x900071d1   Thumb Code   102  main.o(i.PeriphCommonClock_Config)
    SDMMC_CmdAppCommand                      0x9000747d   Thumb Code    52  stm32h7xx_ll_sdmmc.o(i.SDMMC_CmdAppCommand)
    SDMMC_CmdAppOperCommand                  0x900074b1   Thumb Code    46  stm32h7xx_ll_sdmmc.o(i.SDMMC_CmdAppOperCommand)
    SDMMC_CmdBlockLength                     0x900074df   Thumb Code    50  stm32h7xx_ll_sdmmc.o(i.SDMMC_CmdBlockLength)
    SDMMC_CmdBusWidth                        0x90007511   Thumb Code    52  stm32h7xx_ll_sdmmc.o(i.SDMMC_CmdBusWidth)
    SDMMC_CmdGoIdleState                     0x90007545   Thumb Code    74  stm32h7xx_ll_sdmmc.o(i.SDMMC_CmdGoIdleState)
    SDMMC_CmdOperCond                        0x90007599   Thumb Code    40  stm32h7xx_ll_sdmmc.o(i.SDMMC_CmdOperCond)
    SDMMC_CmdReadMultiBlock                  0x900075c1   Thumb Code    52  stm32h7xx_ll_sdmmc.o(i.SDMMC_CmdReadMultiBlock)
    SDMMC_CmdReadSingleBlock                 0x900075f5   Thumb Code    52  stm32h7xx_ll_sdmmc.o(i.SDMMC_CmdReadSingleBlock)
    SDMMC_CmdSelDesel                        0x90007629   Thumb Code    52  stm32h7xx_ll_sdmmc.o(i.SDMMC_CmdSelDesel)
    SDMMC_CmdSendCID                         0x9000765d   Thumb Code    44  stm32h7xx_ll_sdmmc.o(i.SDMMC_CmdSendCID)
    SDMMC_CmdSendCSD                         0x90007689   Thumb Code    48  stm32h7xx_ll_sdmmc.o(i.SDMMC_CmdSendCSD)
    SDMMC_CmdSendSCR                         0x900076b9   Thumb Code    50  stm32h7xx_ll_sdmmc.o(i.SDMMC_CmdSendSCR)
    SDMMC_CmdSendStatus                      0x900076eb   Thumb Code    52  stm32h7xx_ll_sdmmc.o(i.SDMMC_CmdSendStatus)
    SDMMC_CmdSetRelAdd                       0x9000771f   Thumb Code    50  stm32h7xx_ll_sdmmc.o(i.SDMMC_CmdSetRelAdd)
    SDMMC_CmdStatusRegister                  0x90007751   Thumb Code    50  stm32h7xx_ll_sdmmc.o(i.SDMMC_CmdStatusRegister)
    SDMMC_CmdStopTransfer                    0x90007785   Thumb Code    78  stm32h7xx_ll_sdmmc.o(i.SDMMC_CmdStopTransfer)
    SDMMC_CmdWriteMultiBlock                 0x900077d9   Thumb Code    52  stm32h7xx_ll_sdmmc.o(i.SDMMC_CmdWriteMultiBlock)
    SDMMC_CmdWriteSingleBlock                0x9000780d   Thumb Code    52  stm32h7xx_ll_sdmmc.o(i.SDMMC_CmdWriteSingleBlock)
    SDMMC_ConfigData                         0x90007841   Thumb Code    38  stm32h7xx_ll_sdmmc.o(i.SDMMC_ConfigData)
    SDMMC_GetCmdResp1                        0x90007869   Thumb Code   280  stm32h7xx_ll_sdmmc.o(i.SDMMC_GetCmdResp1)
    SDMMC_GetCmdResp2                        0x9000798d   Thumb Code    76  stm32h7xx_ll_sdmmc.o(i.SDMMC_GetCmdResp2)
    SDMMC_GetCmdResp3                        0x900079e1   Thumb Code    62  stm32h7xx_ll_sdmmc.o(i.SDMMC_GetCmdResp3)
    SDMMC_GetCmdResp6                        0x90007a29   Thumb Code   130  stm32h7xx_ll_sdmmc.o(i.SDMMC_GetCmdResp6)
    SDMMC_GetCmdResp7                        0x90007ab5   Thumb Code    82  stm32h7xx_ll_sdmmc.o(i.SDMMC_GetCmdResp7)
    SDMMC_GetPowerState                      0x90007b0d   Thumb Code     8  stm32h7xx_ll_sdmmc.o(i.SDMMC_GetPowerState)
    SDMMC_GetResponse                        0x90007b15   Thumb Code     6  stm32h7xx_ll_sdmmc.o(i.SDMMC_GetResponse)
    SDMMC_Init                               0x90007b1d   Thumb Code    28  stm32h7xx_ll_sdmmc.o(i.SDMMC_Init)
    SDMMC_PowerState_ON                      0x90007b3d   Thumb Code    12  stm32h7xx_ll_sdmmc.o(i.SDMMC_PowerState_ON)
    SDMMC_ReadFIFO                           0x90007b49   Thumb Code     6  stm32h7xx_ll_sdmmc.o(i.SDMMC_ReadFIFO)
    SDMMC_SendCommand                        0x90007b51   Thumb Code    34  stm32h7xx_ll_sdmmc.o(i.SDMMC_SendCommand)
    SDMMC_WriteFIFO                          0x90007b79   Thumb Code    10  stm32h7xx_ll_sdmmc.o(i.SDMMC_WriteFIFO)
    SD_initialize                            0x90007f19   Thumb Code    28  sd_diskio.o(i.SD_initialize)
    SD_ioctl                                 0x90007f39   Thumb Code    84  sd_diskio.o(i.SD_ioctl)
    SD_read                                  0x90007f91   Thumb Code    38  sd_diskio.o(i.SD_read)
    SD_status                                0x90007fb7   Thumb Code     4  sd_diskio.o(i.SD_status)
    SD_write                                 0x90007fbd   Thumb Code    38  sd_diskio.o(i.SD_write)
    ShellTask                                0x90007fe3   Thumb Code    12  task_app.o(i.ShellTask)
    SysTick_Handler                          0x900080f1   Thumb Code    42  port.o(i.SysTick_Handler)
    SystemClock_Config                       0x90008121   Thumb Code   208  main.o(i.SystemClock_Config)
    SystemInit                               0x900081fd   Thumb Code   180  system_stm32h7xx.o(i.SystemInit)
    TIM5_IRQHandler                          0x900082d9   Thumb Code     6  stm32h7xx_it.o(i.TIM5_IRQHandler)
    TIM_Base_SetConfig                       0x900082e5   Thumb Code   162  stm32h7xx_hal_tim.o(i.TIM_Base_SetConfig)
    TIM_ETR_SetConfig                        0x900083a9   Thumb Code    18  stm32h7xx_hal_tim.o(i.TIM_ETR_SetConfig)
    TIM_OC2_SetConfig                        0x90008479   Thumb Code   126  stm32h7xx_hal_tim.o(i.TIM_OC2_SetConfig)
    TIM_TI1_SetConfig                        0x9000872d   Thumb Code   100  stm32h7xx_hal_tim.o(i.TIM_TI1_SetConfig)
    UART4_IRQHandler                         0x90008809   Thumb Code     6  stm32h7xx_it.o(i.UART4_IRQHandler)
    UART_AdvFeatureConfig                    0x90008859   Thumb Code   200  stm32h7xx_hal_uart.o(i.UART_AdvFeatureConfig)
    UART_CheckIdleState                      0x90008921   Thumb Code   170  stm32h7xx_hal_uart.o(i.UART_CheckIdleState)
    UART_SetConfig                           0x90008a35   Thumb Code   876  stm32h7xx_hal_uart.o(i.UART_SetConfig)
    UART_WaitOnFlagUntilTimeout              0x90008de1   Thumb Code   140  stm32h7xx_hal_uart.o(i.UART_WaitOnFlagUntilTimeout)
    UsageFault_Handler                       0x90008e6d   Thumb Code     2  stm32h7xx_it.o(i.UsageFault_Handler)
    __0fprintf$8                             0x90008e71   Thumb Code    22  printf8.o(i.__0fprintf$8)
    __1fprintf$8                             0x90008e71   Thumb Code     0  printf8.o(i.__0fprintf$8)
    __2fprintf                               0x90008e71   Thumb Code     0  printf8.o(i.__0fprintf$8)
    __0printf$8                              0x90008e8d   Thumb Code    22  printf8.o(i.__0printf$8)
    __1printf$8                              0x90008e8d   Thumb Code     0  printf8.o(i.__0printf$8)
    __2printf                                0x90008e8d   Thumb Code     0  printf8.o(i.__0printf$8)
    __scatterload_copy                       0x90008ecf   Thumb Code    14  handlers.o(i.__scatterload_copy)
    __scatterload_null                       0x90008edd   Thumb Code     2  handlers.o(i.__scatterload_null)
    __scatterload_zeroinit                   0x90008edf   Thumb Code    14  handlers.o(i.__scatterload_zeroinit)
    fgetc                                    0x900093dd   Thumb Code    26  bsp_usart.o(i.fgetc)
    find_cmd                                 0x900093fd   Thumb Code    38  command.o(i.find_cmd)
    fputc                                    0x90009429   Thumb Code    18  bsp_usart.o(i.fputc)
    fputs                                    0x90009441   Thumb Code    24  fputs.o(i.fputs)
    get_cmds                                 0x90009459   Thumb Code     4  command.o(i.get_cmds)
    interface_go                             0x900094f5   Thumb Code    12  interface_cmd.o(i.interface_go)
    interface_reboot                         0x90009511   Thumb Code    26  interface_cmd.o(i.interface_reboot)
    main                                     0x90009535   Thumb Code   200  main.o(i.main)
    msh_exec                                 0x90009605   Thumb Code    78  parser.o(i.msh_exec)
    my_getchar                               0x9000973d   Thumb Code    10  bsp_usart.o(i.my_getchar)
    putc                                     0x90009edf   Thumb Code     4  putc.o(i.putc)
    putstr                                   0x90009ee5   Thumb Code    22  bsp_usart.o(i.putstr)
    pvPortMalloc                             0x90009f01   Thumb Code   146  heap_4.o(i.pvPortMalloc)
    pxPortInitialiseStack                    0x90009f99   Thumb Code    42  port.o(i.pxPortInitialiseStack)
    shell                                    0x9000a0d5   Thumb Code   560  shell.o(i.shell)
    uxListRemove                             0x9000a415   Thumb Code    38  list.o(i.uxListRemove)
    uxTaskGetNumberOfTasks                   0x9000a43d   Thumb Code     6  tasks.o(i.uxTaskGetNumberOfTasks)
    vListInitialise                          0x9000a449   Thumb Code    22  list.o(i.vListInitialise)
    vListInitialiseItem                      0x9000a45f   Thumb Code     6  list.o(i.vListInitialiseItem)
    vListInsert                              0x9000a465   Thumb Code    48  list.o(i.vListInsert)
    vListInsertEnd                           0x9000a495   Thumb Code    24  list.o(i.vListInsertEnd)
    vPortEnterCritical                       0x9000a4ad   Thumb Code    28  port.o(i.vPortEnterCritical)
    vPortExitCritical                        0x9000a4cd   Thumb Code    16  port.o(i.vPortExitCritical)
    vPortFree                                0x9000a4e1   Thumb Code    64  heap_4.o(i.vPortFree)
    vPortSetupTimerInterrupt                 0x9000a525   Thumb Code    32  port.o(i.vPortSetupTimerInterrupt)
    vQueueAddToRegistry                      0x9000a549   Thumb Code    58  queue.o(i.vQueueAddToRegistry)
    vQueueWaitForMessageRestricted           0x9000a589   Thumb Code    68  queue.o(i.vQueueWaitForMessageRestricted)
    vTaskDelay                               0x9000a5cd   Thumb Code    44  tasks.o(i.vTaskDelay)
    vTaskDelete                              0x9000a5fd   Thumb Code   144  tasks.o(i.vTaskDelete)
    vTaskInternalSetTimeOutState             0x9000a699   Thumb Code    12  tasks.o(i.vTaskInternalSetTimeOutState)
    vTaskMissedYield                         0x9000a6a9   Thumb Code     8  tasks.o(i.vTaskMissedYield)
    vTaskPlaceOnEventList                    0x9000a6b5   Thumb Code    26  tasks.o(i.vTaskPlaceOnEventList)
    vTaskPlaceOnEventListRestricted          0x9000a6d5   Thumb Code    58  tasks.o(i.vTaskPlaceOnEventListRestricted)
    vTaskStartScheduler                      0x9000a715   Thumb Code    76  tasks.o(i.vTaskStartScheduler)
    vTaskSuspendAll                          0x9000a771   Thumb Code    10  tasks.o(i.vTaskSuspendAll)
    vTaskSwitchContext                       0x9000a781   Thumb Code    60  tasks.o(i.vTaskSwitchContext)
    xPortStartScheduler                      0x9000a7c5   Thumb Code    52  port.o(i.xPortStartScheduler)
    xQueueGenericCreate                      0x9000a805   Thumb Code    84  queue.o(i.xQueueGenericCreate)
    xQueueGenericReset                       0x9000a859   Thumb Code   156  queue.o(i.xQueueGenericReset)
    xQueueReceive                            0x9000a8f9   Thumb Code   236  queue.o(i.xQueueReceive)
    xTaskCheckForTimeOut                     0x9000a9e9   Thumb Code    76  tasks.o(i.xTaskCheckForTimeOut)
    xTaskCreate                              0x9000aa39   Thumb Code    92  tasks.o(i.xTaskCreate)
    xTaskGetTickCount                        0x9000aa95   Thumb Code     6  tasks.o(i.xTaskGetTickCount)
    xTaskIncrementTick                       0x9000aaa1   Thumb Code   274  tasks.o(i.xTaskIncrementTick)
    xTaskPriorityDisinherit                  0x9000abbd   Thumb Code   136  tasks.o(i.xTaskPriorityDisinherit)
    xTaskRemoveFromEventList                 0x9000ac4d   Thumb Code   192  tasks.o(i.xTaskRemoveFromEventList)
    xTaskResumeAll                           0x9000ad15   Thumb Code   280  tasks.o(i.xTaskResumeAll)
    xTimerCreateTimerTask                    0x9000ae39   Thumb Code    44  timers.o(i.xTimerCreateTimerTask)
    SD_Driver                                0x9000ae74   Data          20  sd_diskio.o(.constdata)
    UARTPrescTable                           0x9000ae90   Data          24  stm32h7xx_hal_uart.o(.constdata)
    D1CorePrescTable                         0x9000aeb8   Data          16  system_stm32h7xx.o(.constdata)
    __ctype_categories                       0x9000aec8   Data          64  ctype_c.o(.constdata)
    Region$$Table$$Base                      0x9000b0e0   Number         0  anon$$obj.o(Region$$Table)
    Region$$Table$$Limit                     0x9000b100   Number         0  anon$$obj.o(Region$$Table)



==============================================================================

Memory Map of the image

  Image Entry point : 0x90000299

  Load Region LR_IROM1 (Base: 0x90000000, Size: 0x0000b234, Max: 0x00800000, ABSOLUTE, COMPRESSED[0x0000b180])

    Execution Region RW_IRAM1 (Exec base: 0x20000000, Load base: 0x9000b100, Size: 0x00000000, Max: 0x00020000, ABSOLUTE)

    **** No section assigned to this execution region ****


    Execution Region RW_IRAM2 (Exec base: 0x24000000, Load base: 0x9000b100, Size: 0x0000d1c8, Max: 0x00080000, ABSOLUTE, COMPRESSED[0x00000080])

    Exec Addr    Load Addr    Size         Type   Attr      Idx    E Section Name        Object

    0x24000000   COMPRESSED   0x00000008   Data   RW          461    .data               fmc.o
    0x24000008   COMPRESSED   0x00000001   Data   RW         1026    .data               sd_diskio.o
    0x24000009   COMPRESSED   0x00000005   Data   RW         1107    .data               fatfs.o
    0x2400000e   COMPRESSED   0x00000002   PAD
    0x24000010   COMPRESSED   0x0000000c   Data   RW         3108    .data               stm32h7xx_hal.o
    0x2400001c   COMPRESSED   0x00000008   Data   RW         7269    .data               system_stm32h7xx.o
    0x24000024   COMPRESSED   0x0000001c   Data   RW         8494    .data               command.o
    0x24000040   COMPRESSED   0x00000004   Data   RW         8698    .data               shell.o
    0x24000044   COMPRESSED   0x00000003   Data   RW         8768    .data               cmd_setenv.o
    0x24000047   COMPRESSED   0x00000001   PAD
    0x24000048   COMPRESSED   0x00000010   Data   RW         8769    .data               cmd_setenv.o
    0x24000058   COMPRESSED   0x00000010   Data   RW         8770    .data               cmd_setenv.o
    0x24000068   COMPRESSED   0x00000010   Data   RW         8795    .data               cmd_reboot.o
    0x24000078   COMPRESSED   0x00000010   Data   RW         8990    .data               cmd_help.o
    0x24000088   COMPRESSED   0x00000010   Data   RW         9011    .data               cmd_go.o
    0x24000098   COMPRESSED   0x00000010   Data   RW         9035    .data               cmd_clear.o
    0x240000a8   COMPRESSED   0x00000040   Data   RW         9735    .data               tasks.o
    0x240000e8   COMPRESSED   0x00000014   Data   RW        10070    .data               timers.o
    0x240000fc   COMPRESSED   0x0000001c   Data   RW        10211    .data               heap_4.o
    0x24000118   COMPRESSED   0x00000004   Data   RW        10271    .data               port.o
    0x2400011c   COMPRESSED   0x00000010   Data   RW        10340    .data               creat_task.o
    0x2400012c   COMPRESSED   0x00000004   Data   RW        10452    .data               mc_w.l(stdout.o)
    0x24000130   COMPRESSED   0x00000004   Data   RW        10453    .data               mc_w.l(stderr.o)
    0x24000134        -       0x00000064   Zero   RW          351    .bss                adc.o
    0x24000198        -       0x00000068   Zero   RW          417    .bss                dma2d.o
    0x24000200        -       0x00000034   Zero   RW          460    .bss                fmc.o
    0x24000234        -       0x00000054   Zero   RW          507    .bss                i2c.o
    0x24000288        -       0x000000a8   Zero   RW          549    .bss                ltdc.o
    0x24000330        -       0x0000007c   Zero   RW          591    .bss                sdmmc.o
    0x240003ac        -       0x00000088   Zero   RW          633    .bss                spi.o
    0x24000434        -       0x000000e4   Zero   RW          680    .bss                tim.o
    0x24000518        -       0x00000184   Zero   RW          747    .bss                usart.o
    0x2400069c        -       0x0000000c   Zero   RW         7719    .bss                ff_gen_drv.o
    0x240006a8        -       0x000001ec   Zero   RW         8696    .bss                shell.o
    0x24000894        -       0x00000040   Zero   RW         9322    .bss                queue.o
    0x240008d4        -       0x000000c8   Zero   RW         9734    .bss                tasks.o
    0x2400099c        -       0x00000028   Zero   RW        10069    .bss                timers.o
    0x240009c4        -       0x0000b800   Zero   RW        10210    .bss                heap_4.o
    0x2400c1c4   COMPRESSED   0x00000004   PAD
    0x2400c1c8        -       0x00001000   Zero   RW            1    STACK               startup_stm32h750xx.o


    Execution Region ER_IROM1 (Exec base: 0x90000000, Load base: 0x90000000, Size: 0x0000b100, Max: 0x00800000, ABSOLUTE)

    Exec Addr    Load Addr    Size         Type   Attr      Idx    E Section Name        Object

    0x90000000   0x90000000   0x00000298   Data   RO            3    RESET               startup_stm32h750xx.o
    0x90000298   0x90000298   0x00000000   Code   RO        10443  * .ARM.Collect$$$$00000000  mc_w.l(entry.o)
    0x90000298   0x90000298   0x00000004   Code   RO        10767    .ARM.Collect$$$$00000001  mc_w.l(entry2.o)
    0x9000029c   0x9000029c   0x00000004   Code   RO        10770    .ARM.Collect$$$$00000004  mc_w.l(entry5.o)
    0x900002a0   0x900002a0   0x00000000   Code   RO        10772    .ARM.Collect$$$$00000008  mc_w.l(entry7b.o)
    0x900002a0   0x900002a0   0x00000000   Code   RO        10774    .ARM.Collect$$$$0000000A  mc_w.l(entry8b.o)
    0x900002a0   0x900002a0   0x00000008   Code   RO        10775    .ARM.Collect$$$$0000000B  mc_w.l(entry9a.o)
    0x900002a8   0x900002a8   0x00000000   Code   RO        10777    .ARM.Collect$$$$0000000D  mc_w.l(entry10a.o)
    0x900002a8   0x900002a8   0x00000000   Code   RO        10779    .ARM.Collect$$$$0000000F  mc_w.l(entry11a.o)
    0x900002a8   0x900002a8   0x00000004   Code   RO        10768    .ARM.Collect$$$$00002712  mc_w.l(entry2.o)
    0x900002ac   0x900002ac   0x000000c2   Code   RO        10262    .emb_text           port.o
    0x9000036e   0x9000036e   0x00000002   PAD
    0x90000370   0x90000370   0x00000024   Code   RO            4    .text               startup_stm32h750xx.o
    0x90000394   0x90000394   0x00000062   Code   RO        10454    .text               mc_w.l(uldiv.o)
    0x900003f6   0x900003f6   0x00000040   Code   RO        10458    .text               mc_w.l(memmovea.o)
    0x90000436   0x90000436   0x00000024   Code   RO        10460    .text               mc_w.l(memseta.o)
    0x9000045a   0x9000045a   0x0000000e   Code   RO        10462    .text               mc_w.l(strlen.o)
    0x90000468   0x90000468   0x0000001c   Code   RO        10464    .text               mc_w.l(strcmp.o)
    0x90000484   0x90000484   0x0000001a   Code   RO        10466    .text               mc_w.l(memcmp.o)
    0x9000049e   0x9000049e   0x00000002   PAD
    0x900004a0   0x900004a0   0x00000038   Code   RO        10763    .text               mc_w.l(__0sscanf.o)
    0x900004d8   0x900004d8   0x0000014c   Code   RO        10765    .text               mc_w.l(_scanf_int.o)
    0x90000624   0x90000624   0x0000001e   Code   RO        10783    .text               mc_w.l(llshl.o)
    0x90000642   0x90000642   0x00000020   Code   RO        10785    .text               mc_w.l(llushr.o)
    0x90000662   0x90000662   0x0000001c   Code   RO        10789    .text               mc_w.l(_chval.o)
    0x9000067e   0x9000067e   0x00000002   PAD
    0x90000680   0x90000680   0x00000028   Code   RO        10791    .text               mc_w.l(scanf_char.o)
    0x900006a8   0x900006a8   0x00000040   Code   RO        10793    .text               mc_w.l(_sgetc.o)
    0x900006e8   0x900006e8   0x00000024   Code   RO        10806    .text               mc_w.l(init.o)
    0x9000070c   0x9000070c   0x0000000a   Code   RO        10810    .text               mc_w.l(isspace_c.o)
    0x90000716   0x90000716   0x00000002   PAD
    0x90000718   0x90000718   0x0000032c   Code   RO        10812    .text               mc_w.l(_scanf.o)
    0x90000a44   0x90000a44   0x00000028   Code   RO        10816    .text               mc_w.l(ctype_c.o)
    0x90000a6c   0x90000a6c   0x00000056   Code   RO        10827    .text               mc_w.l(__dczerorl2.o)
    0x90000ac2   0x90000ac2   0x00000002   PAD
    0x90000ac4   0x90000ac4   0x00000108   Code   RO         1141    i.ADC_ConfigureBoostMode  stm32h7xx_hal_adc.o
    0x90000bcc   0x90000bcc   0x00000018   Code   RO         1079    i.BSP_PlatformIsDetected  fatfs_platform.o
    0x90000be4   0x90000be4   0x0000000c   Code   RO          906    i.BSP_SD_GetCardInfo  bsp_driver_sd.o
    0x90000bf0   0x90000bf0   0x00000018   Code   RO          907    i.BSP_SD_GetCardState  bsp_driver_sd.o
    0x90000c08   0x90000c08   0x00000030   Code   RO          909    i.BSP_SD_Init       bsp_driver_sd.o
    0x90000c38   0x90000c38   0x0000001a   Code   RO          910    i.BSP_SD_IsDetected  bsp_driver_sd.o
    0x90000c52   0x90000c52   0x00000002   PAD
    0x90000c54   0x90000c54   0x00000020   Code   RO          911    i.BSP_SD_ReadBlocks  bsp_driver_sd.o
    0x90000c74   0x90000c74   0x00000020   Code   RO          914    i.BSP_SD_WriteBlocks  bsp_driver_sd.o
    0x90000c94   0x90000c94   0x00000002   Code   RO          786    i.BusFault_Handler  stm32h7xx_it.o
    0x90000c96   0x90000c96   0x00000002   PAD
    0x90000c98   0x90000c98   0x0000000c   Code   RO          787    i.DMA1_Stream2_IRQHandler  stm32h7xx_it.o
    0x90000ca4   0x90000ca4   0x0000000c   Code   RO          788    i.DMA1_Stream4_IRQHandler  stm32h7xx_it.o
    0x90000cb0   0x90000cb0   0x000000b4   Code   RO         2212    i.DMA_CalcBaseAndBitshift  stm32h7xx_hal_dma.o
    0x90000d64   0x90000d64   0x0000009c   Code   RO         2213    i.DMA_CalcDMAMUXChannelBaseAndMask  stm32h7xx_hal_dma.o
    0x90000e00   0x90000e00   0x00000074   Code   RO         2214    i.DMA_CalcDMAMUXRequestGenBaseAndMask  stm32h7xx_hal_dma.o
    0x90000e74   0x90000e74   0x00000054   Code   RO         2215    i.DMA_CheckFifoParam  stm32h7xx_hal_dma.o
    0x90000ec8   0x90000ec8   0x00000002   Code   RO          789    i.DebugMon_Handler  stm32h7xx_it.o
    0x90000eca   0x90000eca   0x00000008   Code   RO        10400    i.DisplayTask       task_app.o
    0x90000ed2   0x90000ed2   0x00000006   Code   RO          790    i.EXTI4_IRQHandler  stm32h7xx_it.o
    0x90000ed8   0x90000ed8   0x00000004   Code   RO           13    i.Error_Handler     main.o
    0x90000edc   0x90000edc   0x00000006   Code   RO         7715    i.FATFS_LinkDriver  ff_gen_drv.o
    0x90000ee2   0x90000ee2   0x00000002   PAD
    0x90000ee4   0x90000ee4   0x00000040   Code   RO         7716    i.FATFS_LinkDriverEx  ff_gen_drv.o
    0x90000f24   0x90000f24   0x0000006a   Code   RO         4194    i.FMC_SDRAM_Init    stm32h7xx_ll_fmc.o
    0x90000f8e   0x90000f8e   0x00000002   PAD
    0x90000f90   0x90000f90   0x000000b0   Code   RO         4198    i.FMC_SDRAM_Timing_Init  stm32h7xx_ll_fmc.o
    0x90001040   0x90001040   0x00000040   Code   RO        10336    i.FreeRTOS_Start    creat_task.o
    0x90001080   0x90001080   0x000003d8   Code   RO         1149    i.HAL_ADC_ConfigChannel  stm32h7xx_hal_adc.o
    0x90001458   0x90001458   0x00000228   Code   RO         1158    i.HAL_ADC_Init      stm32h7xx_hal_adc.o
    0x90001680   0x90001680   0x00000044   Code   RO          349    i.HAL_ADC_MspInit   adc.o
    0x900016c4   0x900016c4   0x000000c8   Code   RO         3984    i.HAL_DMA2D_ConfigLayer  stm32h7xx_hal_dma2d.o
    0x9000178c   0x9000178c   0x00000088   Code   RO         3992    i.HAL_DMA2D_Init    stm32h7xx_hal_dma2d.o
    0x90001814   0x90001814   0x00000028   Code   RO          415    i.HAL_DMA2D_MspInit  dma2d.o
    0x9000183c   0x9000183c   0x00000360   Code   RO         2217    i.HAL_DMA_Abort     stm32h7xx_hal_dma.o
    0x90001b9c   0x90001b9c   0x00000284   Code   RO         2218    i.HAL_DMA_Abort_IT  stm32h7xx_hal_dma.o
    0x90001e20   0x90001e20   0x000006e8   Code   RO         2222    i.HAL_DMA_IRQHandler  stm32h7xx_hal_dma.o
    0x90002508   0x90002508   0x000003c4   Code   RO         2223    i.HAL_DMA_Init      stm32h7xx_hal_dma.o
    0x900028cc   0x900028cc   0x00000024   Code   RO         3067    i.HAL_Delay         stm32h7xx_hal.o
    0x900028f0   0x900028f0   0x000000cc   Code   RO          456    i.HAL_FMC_MspInit   fmc.o
    0x900029bc   0x900029bc   0x00000002   Code   RO         2063    i.HAL_GPIO_EXTI_Callback  stm32h7xx_hal_gpio.o
    0x900029be   0x900029be   0x00000018   Code   RO         2064    i.HAL_GPIO_EXTI_IRQHandler  stm32h7xx_hal_gpio.o
    0x900029d6   0x900029d6   0x00000002   PAD
    0x900029d8   0x900029d8   0x0000022c   Code   RO         2065    i.HAL_GPIO_Init     stm32h7xx_hal_gpio.o
    0x90002c04   0x90002c04   0x0000000a   Code   RO         2067    i.HAL_GPIO_ReadPin  stm32h7xx_hal_gpio.o
    0x90002c0e   0x90002c0e   0x00000010   Code   RO         2068    i.HAL_GPIO_TogglePin  stm32h7xx_hal_gpio.o
    0x90002c1e   0x90002c1e   0x0000000a   Code   RO         2069    i.HAL_GPIO_WritePin  stm32h7xx_hal_gpio.o
    0x90002c28   0x90002c28   0x0000000c   Code   RO         3078    i.HAL_GetREVID      stm32h7xx_hal.o
    0x90002c34   0x90002c34   0x0000000c   Code   RO         3079    i.HAL_GetTick       stm32h7xx_hal.o
    0x90002c40   0x90002c40   0x00000058   Code   RO         3844    i.HAL_I2CEx_ConfigAnalogFilter  stm32h7xx_hal_i2c_ex.o
    0x90002c98   0x90002c98   0x00000054   Code   RO         3845    i.HAL_I2CEx_ConfigDigitalFilter  stm32h7xx_hal_i2c_ex.o
    0x90002cec   0x90002cec   0x000000b8   Code   RO         3383    i.HAL_I2C_Init      stm32h7xx_hal_i2c.o
    0x90002da4   0x90002da4   0x00000068   Code   RO          505    i.HAL_I2C_MspInit   i2c.o
    0x90002e0c   0x90002e0c   0x0000005c   Code   RO         3086    i.HAL_Init          stm32h7xx_hal.o
    0x90002e68   0x90002e68   0x00000040   Code   RO         3087    i.HAL_InitTick      stm32h7xx_hal.o
    0x90002ea8   0x90002ea8   0x00000052   Code   RO         4503    i.HAL_LTDC_ConfigLayer  stm32h7xx_hal_ltdc.o
    0x90002efa   0x90002efa   0x00000002   Code   RO         4516    i.HAL_LTDC_ErrorCallback  stm32h7xx_hal_ltdc.o
    0x90002efc   0x90002efc   0x000000c8   Code   RO         4519    i.HAL_LTDC_IRQHandler  stm32h7xx_hal_ltdc.o
    0x90002fc4   0x90002fc4   0x000000f8   Code   RO         4520    i.HAL_LTDC_Init     stm32h7xx_hal_ltdc.o
    0x900030bc   0x900030bc   0x00000002   Code   RO         4521    i.HAL_LTDC_LineEventCallback  stm32h7xx_hal_ltdc.o
    0x900030be   0x900030be   0x00000002   PAD
    0x900030c0   0x900030c0   0x000000bc   Code   RO          547    i.HAL_LTDC_MspInit  ltdc.o
    0x9000317c   0x9000317c   0x00000002   Code   RO         4526    i.HAL_LTDC_ReloadEventCallback  stm32h7xx_hal_ltdc.o
    0x9000317e   0x9000317e   0x00000002   PAD
    0x90003180   0x90003180   0x0000001c   Code   RO          880    i.HAL_MspInit       stm32h7xx_hal_msp.o
    0x9000319c   0x9000319c   0x0000001a   Code   RO         2925    i.HAL_NVIC_EnableIRQ  stm32h7xx_hal_cortex.o
    0x900031b6   0x900031b6   0x00000002   PAD
    0x900031b8   0x900031b8   0x00000040   Code   RO         2931    i.HAL_NVIC_SetPriority  stm32h7xx_hal_cortex.o
    0x900031f8   0x900031f8   0x00000024   Code   RO         2932    i.HAL_NVIC_SetPriorityGrouping  stm32h7xx_hal_cortex.o
    0x9000321c   0x9000321c   0x00000054   Code   RO         2666    i.HAL_PWREx_ConfigSupply  stm32h7xx_hal_pwr_ex.o
    0x90003270   0x90003270   0x00000024   Code   RO         1708    i.HAL_RCCEx_GetD3PCLK1Freq  stm32h7xx_hal_rcc_ex.o
    0x90003294   0x90003294   0x00000148   Code   RO         1709    i.HAL_RCCEx_GetPLL1ClockFreq  stm32h7xx_hal_rcc_ex.o
    0x900033dc   0x900033dc   0x00000144   Code   RO         1710    i.HAL_RCCEx_GetPLL2ClockFreq  stm32h7xx_hal_rcc_ex.o
    0x90003520   0x90003520   0x00000144   Code   RO         1711    i.HAL_RCCEx_GetPLL3ClockFreq  stm32h7xx_hal_rcc_ex.o
    0x90003664   0x90003664   0x000002c8   Code   RO         1713    i.HAL_RCCEx_GetPeriphCLKFreq  stm32h7xx_hal_rcc_ex.o
    0x9000392c   0x9000392c   0x000009ac   Code   RO         1717    i.HAL_RCCEx_PeriphCLKConfig  stm32h7xx_hal_rcc_ex.o
    0x900042d8   0x900042d8   0x0000025c   Code   RO         1593    i.HAL_RCC_ClockConfig  stm32h7xx_hal_rcc.o
    0x90004534   0x90004534   0x00000044   Code   RO         1598    i.HAL_RCC_GetHCLKFreq  stm32h7xx_hal_rcc.o
    0x90004578   0x90004578   0x00000024   Code   RO         1600    i.HAL_RCC_GetPCLK1Freq  stm32h7xx_hal_rcc.o
    0x9000459c   0x9000459c   0x00000024   Code   RO         1601    i.HAL_RCC_GetPCLK2Freq  stm32h7xx_hal_rcc.o
    0x900045c0   0x900045c0   0x00000138   Code   RO         1602    i.HAL_RCC_GetSysClockFreq  stm32h7xx_hal_rcc.o
    0x900046f8   0x900046f8   0x00000582   Code   RO         1605    i.HAL_RCC_OscConfig  stm32h7xx_hal_rcc.o
    0x90004c7a   0x90004c7a   0x00000002   PAD
    0x90004c7c   0x90004c7c   0x00000050   Code   RO         4335    i.HAL_SDRAM_Init    stm32h7xx_hal_sdram.o
    0x90004ccc   0x90004ccc   0x00000004   Code   RO          458    i.HAL_SDRAM_MspInit  fmc.o
    0x90004cd0   0x90004cd0   0x00000188   Code   RO         5123    i.HAL_SD_ConfigWideBusOperation  stm32h7xx_hal_sd.o
    0x90004e58   0x90004e58   0x000001bc   Code   RO         5128    i.HAL_SD_GetCardCSD  stm32h7xx_hal_sd.o
    0x90005014   0x90005014   0x00000024   Code   RO         5129    i.HAL_SD_GetCardInfo  stm32h7xx_hal_sd.o
    0x90005038   0x90005038   0x0000002c   Code   RO         5130    i.HAL_SD_GetCardState  stm32h7xx_hal_sd.o
    0x90005064   0x90005064   0x000000cc   Code   RO         5131    i.HAL_SD_GetCardStatus  stm32h7xx_hal_sd.o
    0x90005130   0x90005130   0x0000009a   Code   RO         5135    i.HAL_SD_Init       stm32h7xx_hal_sd.o
    0x900051ca   0x900051ca   0x00000002   PAD
    0x900051cc   0x900051cc   0x000000ac   Code   RO         5136    i.HAL_SD_InitCard   stm32h7xx_hal_sd.o
    0x90005278   0x90005278   0x000000b4   Code   RO          589    i.HAL_SD_MspInit    sdmmc.o
    0x9000532c   0x9000532c   0x000001c4   Code   RO         5139    i.HAL_SD_ReadBlocks  stm32h7xx_hal_sd.o
    0x900054f0   0x900054f0   0x000001dc   Code   RO         5144    i.HAL_SD_WriteBlocks  stm32h7xx_hal_sd.o
    0x900056cc   0x900056cc   0x0000017c   Code   RO         5403    i.HAL_SPI_Init      stm32h7xx_hal_spi.o
    0x90005848   0x90005848   0x000000b8   Code   RO          631    i.HAL_SPI_MspInit   spi.o
    0x90005900   0x90005900   0x00000010   Code   RO         3091    i.HAL_SYSCFG_AnalogSwitchConfig  stm32h7xx_hal.o
    0x90005910   0x90005910   0x00000026   Code   RO         2936    i.HAL_SYSTICK_Config  stm32h7xx_hal_cortex.o
    0x90005936   0x90005936   0x00000002   Code   RO         6437    i.HAL_TIMEx_Break2Callback  stm32h7xx_hal_tim_ex.o
    0x90005938   0x90005938   0x00000002   Code   RO         6438    i.HAL_TIMEx_BreakCallback  stm32h7xx_hal_tim_ex.o
    0x9000593a   0x9000593a   0x00000002   Code   RO         6439    i.HAL_TIMEx_CommutCallback  stm32h7xx_hal_tim_ex.o
    0x9000593c   0x9000593c   0x000000a4   Code   RO         6459    i.HAL_TIMEx_MasterConfigSynchronization  stm32h7xx_hal_tim_ex.o
    0x900059e0   0x900059e0   0x00000062   Code   RO         5723    i.HAL_TIM_Base_Init  stm32h7xx_hal_tim.o
    0x90005a42   0x90005a42   0x00000002   PAD
    0x90005a44   0x90005a44   0x00000090   Code   RO          673    i.HAL_TIM_Base_MspInit  tim.o
    0x90005ad4   0x90005ad4   0x000000fc   Code   RO         5732    i.HAL_TIM_ConfigClockSource  stm32h7xx_hal_tim.o
    0x90005bd0   0x90005bd0   0x00000002   Code   RO         5757    i.HAL_TIM_IC_CaptureCallback  stm32h7xx_hal_tim.o
    0x90005bd2   0x90005bd2   0x00000122   Code   RO         5759    i.HAL_TIM_IC_ConfigChannel  stm32h7xx_hal_tim.o
    0x90005cf4   0x90005cf4   0x00000062   Code   RO         5762    i.HAL_TIM_IC_Init   stm32h7xx_hal_tim.o
    0x90005d56   0x90005d56   0x00000002   Code   RO         5764    i.HAL_TIM_IC_MspInit  stm32h7xx_hal_tim.o
    0x90005d58   0x90005d58   0x00000182   Code   RO         5771    i.HAL_TIM_IRQHandler  stm32h7xx_hal_tim.o
    0x90005eda   0x90005eda   0x00000002   PAD
    0x90005edc   0x90005edc   0x00000050   Code   RO          674    i.HAL_TIM_MspPostInit  tim.o
    0x90005f2c   0x90005f2c   0x00000002   Code   RO         5774    i.HAL_TIM_OC_DelayElapsedCallback  stm32h7xx_hal_tim.o
    0x90005f2e   0x90005f2e   0x00000124   Code   RO         5795    i.HAL_TIM_PWM_ConfigChannel  stm32h7xx_hal_tim.o
    0x90006052   0x90006052   0x00000062   Code   RO         5798    i.HAL_TIM_PWM_Init  stm32h7xx_hal_tim.o
    0x900060b4   0x900060b4   0x00000028   Code   RO          676    i.HAL_TIM_PWM_MspInit  tim.o
    0x900060dc   0x900060dc   0x00000002   Code   RO         5801    i.HAL_TIM_PWM_PulseFinishedCallback  stm32h7xx_hal_tim.o
    0x900060de   0x900060de   0x00000002   Code   RO         5809    i.HAL_TIM_PeriodElapsedCallback  stm32h7xx_hal_tim.o
    0x900060e0   0x900060e0   0x00000002   Code   RO         5814    i.HAL_TIM_TriggerCallback  stm32h7xx_hal_tim.o
    0x900060e2   0x900060e2   0x00000040   Code   RO         7148    i.HAL_UARTEx_DisableFifoMode  stm32h7xx_hal_uart_ex.o
    0x90006122   0x90006122   0x00000002   Code   RO         6737    i.HAL_UARTEx_RxEventCallback  stm32h7xx_hal_uart.o
    0x90006124   0x90006124   0x00000002   Code   RO         7156    i.HAL_UARTEx_RxFifoFullCallback  stm32h7xx_hal_uart_ex.o
    0x90006126   0x90006126   0x0000004c   Code   RO         7157    i.HAL_UARTEx_SetRxFifoThreshold  stm32h7xx_hal_uart_ex.o
    0x90006172   0x90006172   0x0000004c   Code   RO         7158    i.HAL_UARTEx_SetTxFifoThreshold  stm32h7xx_hal_uart_ex.o
    0x900061be   0x900061be   0x00000002   Code   RO         7160    i.HAL_UARTEx_TxFifoEmptyCallback  stm32h7xx_hal_uart_ex.o
    0x900061c0   0x900061c0   0x00000002   Code   RO         7161    i.HAL_UARTEx_WakeupCallback  stm32h7xx_hal_uart_ex.o
    0x900061c2   0x900061c2   0x00000002   Code   RO         6753    i.HAL_UART_ErrorCallback  stm32h7xx_hal_uart.o
    0x900061c4   0x900061c4   0x00000388   Code   RO         6756    i.HAL_UART_IRQHandler  stm32h7xx_hal_uart.o
    0x9000654c   0x9000654c   0x0000006a   Code   RO         6757    i.HAL_UART_Init     stm32h7xx_hal_uart.o
    0x900065b6   0x900065b6   0x00000002   PAD
    0x900065b8   0x900065b8   0x00000114   Code   RO          745    i.HAL_UART_MspInit  usart.o
    0x900066cc   0x900066cc   0x000000e8   Code   RO         6760    i.HAL_UART_Receive  stm32h7xx_hal_uart.o
    0x900067b4   0x900067b4   0x000000b0   Code   RO         6766    i.HAL_UART_Transmit  stm32h7xx_hal_uart.o
    0x90006864   0x90006864   0x00000002   Code   RO         6769    i.HAL_UART_TxCpltCallback  stm32h7xx_hal_uart.o
    0x90006866   0x90006866   0x00000002   Code   RO          791    i.HardFault_Handler  stm32h7xx_it.o
    0x90006868   0x90006868   0x00000008   Code   RO         1170    i.LL_ADC_INJ_IsConversionOngoing  stm32h7xx_hal_adc.o
    0x90006870   0x90006870   0x00000008   Code   RO         1171    i.LL_ADC_REG_IsConversionOngoing  stm32h7xx_hal_adc.o
    0x90006878   0x90006878   0x0000001e   Code   RO         1174    i.LL_ADC_SetChannelSamplingTime  stm32h7xx_hal_adc.o
    0x90006896   0x90006896   0x00000002   PAD
    0x90006898   0x90006898   0x0000000c   Code   RO          792    i.LTDC_IRQHandler   stm32h7xx_it.o
    0x900068a4   0x900068a4   0x000001d0   Code   RO         4539    i.LTDC_SetConfig    stm32h7xx_hal_ltdc.o
    0x90006a74   0x90006a74   0x00000030   Code   RO        10401    i.LedTask           task_app.o
    0x90006aa4   0x90006aa4   0x000000b0   Code   RO          350    i.MX_ADC3_Init      adc.o
    0x90006b54   0x90006b54   0x00000048   Code   RO          416    i.MX_DMA2D_Init     dma2d.o
    0x90006b9c   0x90006b9c   0x0000003c   Code   RO          390    i.MX_DMA_Init       dma.o
    0x90006bd8   0x90006bd8   0x0000001c   Code   RO         1103    i.MX_FATFS_Init     fatfs.o
    0x90006bf4   0x90006bf4   0x0000005c   Code   RO          459    i.MX_FMC_Init       fmc.o
    0x90006c50   0x90006c50   0x000001ec   Code   RO          320    i.MX_GPIO_Init      gpio.o
    0x90006e3c   0x90006e3c   0x00000058   Code   RO          506    i.MX_I2C1_Init      i2c.o
    0x90006e94   0x90006e94   0x000000f8   Code   RO          548    i.MX_LTDC_Init      ltdc.o
    0x90006f8c   0x90006f8c   0x00000024   Code   RO          590    i.MX_SDMMC1_SD_Init  sdmmc.o
    0x90006fb0   0x90006fb0   0x00000058   Code   RO          632    i.MX_SPI1_Init      spi.o
    0x90007008   0x90007008   0x00000078   Code   RO          677    i.MX_TIM3_Init      tim.o
    0x90007080   0x90007080   0x0000009c   Code   RO          678    i.MX_TIM5_Init      tim.o
    0x9000711c   0x9000711c   0x00000048   Code   RO          679    i.MX_TIM6_Init      tim.o
    0x90007164   0x90007164   0x00000068   Code   RO          746    i.MX_UART4_Init     usart.o
    0x900071cc   0x900071cc   0x00000002   Code   RO          793    i.MemManage_Handler  stm32h7xx_it.o
    0x900071ce   0x900071ce   0x00000002   Code   RO          794    i.NMI_Handler       stm32h7xx_it.o
    0x900071d0   0x900071d0   0x0000006c   Code   RO           14    i.PeriphCommonClock_Config  main.o
    0x9000723c   0x9000723c   0x00000120   Code   RO         1720    i.RCCEx_PLL2_Config  stm32h7xx_hal_rcc_ex.o
    0x9000735c   0x9000735c   0x00000120   Code   RO         1721    i.RCCEx_PLL3_Config  stm32h7xx_hal_rcc_ex.o
    0x9000747c   0x9000747c   0x00000034   Code   RO         4775    i.SDMMC_CmdAppCommand  stm32h7xx_ll_sdmmc.o
    0x900074b0   0x900074b0   0x0000002e   Code   RO         4776    i.SDMMC_CmdAppOperCommand  stm32h7xx_ll_sdmmc.o
    0x900074de   0x900074de   0x00000032   Code   RO         4777    i.SDMMC_CmdBlockLength  stm32h7xx_ll_sdmmc.o
    0x90007510   0x90007510   0x00000034   Code   RO         4778    i.SDMMC_CmdBusWidth  stm32h7xx_ll_sdmmc.o
    0x90007544   0x90007544   0x00000054   Code   RO         4782    i.SDMMC_CmdGoIdleState  stm32h7xx_ll_sdmmc.o
    0x90007598   0x90007598   0x00000028   Code   RO         4784    i.SDMMC_CmdOperCond  stm32h7xx_ll_sdmmc.o
    0x900075c0   0x900075c0   0x00000034   Code   RO         4785    i.SDMMC_CmdReadMultiBlock  stm32h7xx_ll_sdmmc.o
    0x900075f4   0x900075f4   0x00000034   Code   RO         4786    i.SDMMC_CmdReadSingleBlock  stm32h7xx_ll_sdmmc.o
    0x90007628   0x90007628   0x00000034   Code   RO         4789    i.SDMMC_CmdSelDesel  stm32h7xx_ll_sdmmc.o
    0x9000765c   0x9000765c   0x0000002c   Code   RO         4790    i.SDMMC_CmdSendCID  stm32h7xx_ll_sdmmc.o
    0x90007688   0x90007688   0x00000030   Code   RO         4791    i.SDMMC_CmdSendCSD  stm32h7xx_ll_sdmmc.o
    0x900076b8   0x900076b8   0x00000032   Code   RO         4793    i.SDMMC_CmdSendSCR  stm32h7xx_ll_sdmmc.o
    0x900076ea   0x900076ea   0x00000034   Code   RO         4794    i.SDMMC_CmdSendStatus  stm32h7xx_ll_sdmmc.o
    0x9000771e   0x9000771e   0x00000032   Code   RO         4795    i.SDMMC_CmdSetRelAdd  stm32h7xx_ll_sdmmc.o
    0x90007750   0x90007750   0x00000032   Code   RO         4798    i.SDMMC_CmdStatusRegister  stm32h7xx_ll_sdmmc.o
    0x90007782   0x90007782   0x00000002   PAD
    0x90007784   0x90007784   0x00000054   Code   RO         4799    i.SDMMC_CmdStopTransfer  stm32h7xx_ll_sdmmc.o
    0x900077d8   0x900077d8   0x00000034   Code   RO         4802    i.SDMMC_CmdWriteMultiBlock  stm32h7xx_ll_sdmmc.o
    0x9000780c   0x9000780c   0x00000034   Code   RO         4803    i.SDMMC_CmdWriteSingleBlock  stm32h7xx_ll_sdmmc.o
    0x90007840   0x90007840   0x00000026   Code   RO         4804    i.SDMMC_ConfigData  stm32h7xx_ll_sdmmc.o
    0x90007866   0x90007866   0x00000002   PAD
    0x90007868   0x90007868   0x00000124   Code   RO         4805    i.SDMMC_GetCmdResp1  stm32h7xx_ll_sdmmc.o
    0x9000798c   0x9000798c   0x00000054   Code   RO         4806    i.SDMMC_GetCmdResp2  stm32h7xx_ll_sdmmc.o
    0x900079e0   0x900079e0   0x00000048   Code   RO         4807    i.SDMMC_GetCmdResp3  stm32h7xx_ll_sdmmc.o
    0x90007a28   0x90007a28   0x0000008c   Code   RO         4808    i.SDMMC_GetCmdResp6  stm32h7xx_ll_sdmmc.o
    0x90007ab4   0x90007ab4   0x00000058   Code   RO         4809    i.SDMMC_GetCmdResp7  stm32h7xx_ll_sdmmc.o
    0x90007b0c   0x90007b0c   0x00000008   Code   RO         4813    i.SDMMC_GetPowerState  stm32h7xx_ll_sdmmc.o
    0x90007b14   0x90007b14   0x00000006   Code   RO         4814    i.SDMMC_GetResponse  stm32h7xx_ll_sdmmc.o
    0x90007b1a   0x90007b1a   0x00000002   PAD
    0x90007b1c   0x90007b1c   0x00000020   Code   RO         4815    i.SDMMC_Init        stm32h7xx_ll_sdmmc.o
    0x90007b3c   0x90007b3c   0x0000000c   Code   RO         4818    i.SDMMC_PowerState_ON  stm32h7xx_ll_sdmmc.o
    0x90007b48   0x90007b48   0x00000006   Code   RO         4819    i.SDMMC_ReadFIFO    stm32h7xx_ll_sdmmc.o
    0x90007b4e   0x90007b4e   0x00000002   PAD
    0x90007b50   0x90007b50   0x00000028   Code   RO         4820    i.SDMMC_SendCommand  stm32h7xx_ll_sdmmc.o
    0x90007b78   0x90007b78   0x0000000a   Code   RO         4822    i.SDMMC_WriteFIFO   stm32h7xx_ll_sdmmc.o
    0x90007b82   0x90007b82   0x00000002   PAD
    0x90007b84   0x90007b84   0x00000020   Code   RO         1019    i.SD_CheckStatus    sd_diskio.o
    0x90007ba4   0x90007ba4   0x000000e4   Code   RO         5147    i.SD_FindSCR        stm32h7xx_hal_sd.o
    0x90007c88   0x90007c88   0x000000f6   Code   RO         5148    i.SD_InitCard       stm32h7xx_hal_sd.o
    0x90007d7e   0x90007d7e   0x00000002   PAD
    0x90007d80   0x90007d80   0x000000b4   Code   RO         5149    i.SD_PowerON        stm32h7xx_hal_sd.o
    0x90007e34   0x90007e34   0x000000e4   Code   RO         5150    i.SD_SendSDStatus   stm32h7xx_hal_sd.o
    0x90007f18   0x90007f18   0x00000020   Code   RO         1020    i.SD_initialize     sd_diskio.o
    0x90007f38   0x90007f38   0x00000058   Code   RO         1021    i.SD_ioctl          sd_diskio.o
    0x90007f90   0x90007f90   0x00000026   Code   RO         1022    i.SD_read           sd_diskio.o
    0x90007fb6   0x90007fb6   0x00000004   Code   RO         1023    i.SD_status         sd_diskio.o
    0x90007fba   0x90007fba   0x00000002   PAD
    0x90007fbc   0x90007fbc   0x00000026   Code   RO         1024    i.SD_write          sd_diskio.o
    0x90007fe2   0x90007fe2   0x0000000c   Code   RO        10402    i.ShellTask         task_app.o
    0x90007fee   0x90007fee   0x00000002   PAD
    0x90007ff0   0x90007ff0   0x00000100   Code   RO        10337    i.StartTask         creat_task.o
    0x900080f0   0x900080f0   0x00000030   Code   RO        10263    i.SysTick_Handler   port.o
    0x90008120   0x90008120   0x000000dc   Code   RO           15    i.SystemClock_Config  main.o
    0x900081fc   0x900081fc   0x000000dc   Code   RO         7267    i.SystemInit        system_stm32h7xx.o
    0x900082d8   0x900082d8   0x0000000c   Code   RO          795    i.TIM5_IRQHandler   stm32h7xx_it.o
    0x900082e4   0x900082e4   0x000000c4   Code   RO         5816    i.TIM_Base_SetConfig  stm32h7xx_hal_tim.o
    0x900083a8   0x900083a8   0x00000012   Code   RO         5827    i.TIM_ETR_SetConfig  stm32h7xx_hal_tim.o
    0x900083ba   0x900083ba   0x00000002   PAD
    0x900083bc   0x900083bc   0x00000014   Code   RO         5828    i.TIM_ITRx_SetConfig  stm32h7xx_hal_tim.o
    0x900083d0   0x900083d0   0x000000a8   Code   RO         5829    i.TIM_OC1_SetConfig  stm32h7xx_hal_tim.o
    0x90008478   0x90008478   0x00000098   Code   RO         5830    i.TIM_OC2_SetConfig  stm32h7xx_hal_tim.o
    0x90008510   0x90008510   0x00000098   Code   RO         5831    i.TIM_OC3_SetConfig  stm32h7xx_hal_tim.o
    0x900085a8   0x900085a8   0x00000078   Code   RO         5832    i.TIM_OC4_SetConfig  stm32h7xx_hal_tim.o
    0x90008620   0x90008620   0x00000074   Code   RO         5833    i.TIM_OC5_SetConfig  stm32h7xx_hal_tim.o
    0x90008694   0x90008694   0x00000074   Code   RO         5834    i.TIM_OC6_SetConfig  stm32h7xx_hal_tim.o
    0x90008708   0x90008708   0x00000022   Code   RO         5836    i.TIM_TI1_ConfigInputStage  stm32h7xx_hal_tim.o
    0x9000872a   0x9000872a   0x00000002   PAD
    0x9000872c   0x9000872c   0x00000080   Code   RO         5837    i.TIM_TI1_SetConfig  stm32h7xx_hal_tim.o
    0x900087ac   0x900087ac   0x00000024   Code   RO         5838    i.TIM_TI2_ConfigInputStage  stm32h7xx_hal_tim.o
    0x900087d0   0x900087d0   0x00000036   Code   RO         5839    i.TIM_TI2_SetConfig  stm32h7xx_hal_tim.o
    0x90008806   0x90008806   0x00000002   PAD
    0x90008808   0x90008808   0x0000000c   Code   RO          796    i.UART4_IRQHandler  stm32h7xx_it.o
    0x90008814   0x90008814   0x00000044   Code   RO         7162    i.UARTEx_SetNbDataToProcess  stm32h7xx_hal_uart_ex.o
    0x90008858   0x90008858   0x000000c8   Code   RO         6771    i.UART_AdvFeatureConfig  stm32h7xx_hal_uart.o
    0x90008920   0x90008920   0x000000aa   Code   RO         6772    i.UART_CheckIdleState  stm32h7xx_hal_uart.o
    0x900089ca   0x900089ca   0x00000014   Code   RO         6773    i.UART_DMAAbortOnError  stm32h7xx_hal_uart.o
    0x900089de   0x900089de   0x00000002   PAD
    0x900089e0   0x900089e0   0x00000054   Code   RO         6783    i.UART_EndRxTransfer  stm32h7xx_hal_uart.o
    0x90008a34   0x90008a34   0x000003ac   Code   RO         6789    i.UART_SetConfig    stm32h7xx_hal_uart.o
    0x90008de0   0x90008de0   0x0000008c   Code   RO         6796    i.UART_WaitOnFlagUntilTimeout  stm32h7xx_hal_uart.o
    0x90008e6c   0x90008e6c   0x00000002   Code   RO          797    i.UsageFault_Handler  stm32h7xx_it.o
    0x90008e6e   0x90008e6e   0x00000002   PAD
    0x90008e70   0x90008e70   0x0000001c   Code   RO        10680    i.__0fprintf$8      mc_w.l(printf8.o)
    0x90008e8c   0x90008e8c   0x00000020   Code   RO        10681    i.__0printf$8       mc_w.l(printf8.o)
    0x90008eac   0x90008eac   0x00000022   Code   RO         2938    i.__NVIC_SetPriority  stm32h7xx_hal_cortex.o
    0x90008ece   0x90008ece   0x0000000e   Code   RO        10821    i.__scatterload_copy  mc_w.l(handlers.o)
    0x90008edc   0x90008edc   0x00000002   Code   RO        10822    i.__scatterload_null  mc_w.l(handlers.o)
    0x90008ede   0x90008ede   0x0000000e   Code   RO        10823    i.__scatterload_zeroinit  mc_w.l(handlers.o)
    0x90008eec   0x90008eec   0x00000076   Code   RO         8530    i._msh_exec_cmd     parser.o
    0x90008f62   0x90008f62   0x00000002   PAD
    0x90008f64   0x90008f64   0x00000410   Code   RO        10688    i._printf_core      mc_w.l(printf8.o)
    0x90009374   0x90009374   0x00000024   Code   RO        10689    i._printf_post_padding  mc_w.l(printf8.o)
    0x90009398   0x90009398   0x0000002e   Code   RO        10690    i._printf_pre_padding  mc_w.l(printf8.o)
    0x900093c6   0x900093c6   0x00000002   PAD
    0x900093c8   0x900093c8   0x00000014   Code   RO         9033    i.clear             cmd_clear.o
    0x900093dc   0x900093dc   0x00000020   Code   RO         8190    i.fgetc             bsp_usart.o
    0x900093fc   0x900093fc   0x0000002c   Code   RO         8492    i.find_cmd          command.o
    0x90009428   0x90009428   0x00000018   Code   RO         8191    i.fputc             bsp_usart.o
    0x90009440   0x90009440   0x00000018   Code   RO        10446    i.fputs             mc_w.l(fputs.o)
    0x90009458   0x90009458   0x00000008   Code   RO         8493    i.get_cmds          command.o
    0x90009460   0x90009460   0x00000094   Code   RO         8988    i.help_f            cmd_help.o
    0x900094f4   0x900094f4   0x0000001c   Code   RO         9055    i.interface_go      interface_cmd.o
    0x90009510   0x90009510   0x00000024   Code   RO         9058    i.interface_reboot  interface_cmd.o
    0x90009534   0x90009534   0x000000d0   Code   RO           16    i.main              main.o
    0x90009604   0x90009604   0x00000068   Code   RO         8531    i.msh_exec          parser.o
    0x9000966c   0x9000966c   0x000000d0   Code   RO         8532    i.msh_split         parser.o
    0x9000973c   0x9000973c   0x0000000a   Code   RO         8192    i.my_getchar        bsp_usart.o
    0x90009746   0x90009746   0x00000002   PAD
    0x90009748   0x90009748   0x00000048   Code   RO         8764    i.printenv          cmd_setenv.o
    0x90009790   0x90009790   0x00000088   Code   RO         9678    i.prvAddCurrentTaskToDelayedList  tasks.o
    0x90009818   0x90009818   0x000000f0   Code   RO         9679    i.prvAddNewTaskToReadyList  tasks.o
    0x90009908   0x90009908   0x00000050   Code   RO        10045    i.prvCheckForValidListAndQueue  timers.o
    0x90009958   0x90009958   0x00000026   Code   RO         9286    i.prvCopyDataFromQueue  queue.o
    0x9000997e   0x9000997e   0x0000006c   Code   RO         9287    i.prvCopyDataToQueue  queue.o
    0x900099ea   0x900099ea   0x00000014   Code   RO         9680    i.prvDeleteTCB      tasks.o
    0x900099fe   0x900099fe   0x00000002   PAD
    0x90009a00   0x90009a00   0x00000048   Code   RO        10201    i.prvHeapInit       heap_4.o
    0x90009a48   0x90009a48   0x00000060   Code   RO         9681    i.prvIdleTask       tasks.o
    0x90009aa8   0x90009aa8   0x00000084   Code   RO         9682    i.prvInitialiseNewTask  tasks.o
    0x90009b2c   0x90009b2c   0x0000004c   Code   RO        10202    i.prvInsertBlockIntoFreeList  heap_4.o
    0x90009b78   0x90009b78   0x0000003c   Code   RO        10046    i.prvInsertTimerInActiveList  timers.o
    0x90009bb4   0x90009bb4   0x0000001c   Code   RO         9288    i.prvIsQueueEmpty   queue.o
    0x90009bd0   0x90009bd0   0x0000004c   Code   RO         9289    i.prvNotifyQueueSetContainer  queue.o
    0x90009c1c   0x90009c1c   0x00000040   Code   RO        10047    i.prvProcessExpiredTimer  timers.o
    0x90009c5c   0x90009c5c   0x000000dc   Code   RO        10048    i.prvProcessReceivedCommands  timers.o
    0x90009d38   0x90009d38   0x0000006c   Code   RO        10049    i.prvProcessTimerOrBlockTask  timers.o
    0x90009da4   0x90009da4   0x00000028   Code   RO        10050    i.prvReloadTimer    timers.o
    0x90009dcc   0x90009dcc   0x0000001c   Code   RO         9684    i.prvResetNextTaskUnblockTime  tasks.o
    0x90009de8   0x90009de8   0x00000048   Code   RO        10051    i.prvSampleTimeNow  timers.o
    0x90009e30   0x90009e30   0x00000014   Code   RO        10264    i.prvTaskExitError  port.o
    0x90009e44   0x90009e44   0x00000024   Code   RO        10052    i.prvTimerTask      timers.o
    0x90009e68   0x90009e68   0x00000076   Code   RO         9290    i.prvUnlockQueue    queue.o
    0x90009ede   0x90009ede   0x00000004   Code   RO        10448    i.putc              mc_w.l(putc.o)
    0x90009ee2   0x90009ee2   0x00000002   PAD
    0x90009ee4   0x90009ee4   0x0000001c   Code   RO         8195    i.putstr            bsp_usart.o
    0x90009f00   0x90009f00   0x00000098   Code   RO        10204    i.pvPortMalloc      heap_4.o
    0x90009f98   0x90009f98   0x00000030   Code   RO        10265    i.pxPortInitialiseStack  port.o
    0x90009fc8   0x90009fc8   0x0000010c   Code   RO         8765    i.setenv            cmd_setenv.o
    0x9000a0d4   0x9000a0d4   0x0000024c   Code   RO         8693    i.shell             shell.o
    0x9000a320   0x9000a320   0x00000040   Code   RO         8694    i.shell_handle_history  shell.o
    0x9000a360   0x9000a360   0x000000b4   Code   RO         8695    i.shell_push_history  shell.o
    0x9000a414   0x9000a414   0x00000026   Code   RO         9246    i.uxListRemove      list.o
    0x9000a43a   0x9000a43a   0x00000002   PAD
    0x9000a43c   0x9000a43c   0x0000000c   Code   RO         9689    i.uxTaskGetNumberOfTasks  tasks.o
    0x9000a448   0x9000a448   0x00000016   Code   RO         9247    i.vListInitialise   list.o
    0x9000a45e   0x9000a45e   0x00000006   Code   RO         9248    i.vListInitialiseItem  list.o
    0x9000a464   0x9000a464   0x00000030   Code   RO         9249    i.vListInsert       list.o
    0x9000a494   0x9000a494   0x00000018   Code   RO         9250    i.vListInsertEnd    list.o
    0x9000a4ac   0x9000a4ac   0x00000020   Code   RO        10267    i.vPortEnterCritical  port.o
    0x9000a4cc   0x9000a4cc   0x00000014   Code   RO        10268    i.vPortExitCritical  port.o
    0x9000a4e0   0x9000a4e0   0x00000044   Code   RO        10205    i.vPortFree         heap_4.o
    0x9000a524   0x9000a524   0x00000024   Code   RO        10269    i.vPortSetupTimerInterrupt  port.o
    0x9000a548   0x9000a548   0x00000040   Code   RO         9296    i.vQueueAddToRegistry  queue.o
    0x9000a588   0x9000a588   0x00000044   Code   RO         9300    i.vQueueWaitForMessageRestricted  queue.o
    0x9000a5cc   0x9000a5cc   0x00000030   Code   RO         9695    i.vTaskDelay        tasks.o
    0x9000a5fc   0x9000a5fc   0x0000009c   Code   RO         9696    i.vTaskDelete       tasks.o
    0x9000a698   0x9000a698   0x00000010   Code   RO         9700    i.vTaskInternalSetTimeOutState  tasks.o
    0x9000a6a8   0x9000a6a8   0x0000000c   Code   RO         9702    i.vTaskMissedYield  tasks.o
    0x9000a6b4   0x9000a6b4   0x00000020   Code   RO         9703    i.vTaskPlaceOnEventList  tasks.o
    0x9000a6d4   0x9000a6d4   0x00000040   Code   RO         9704    i.vTaskPlaceOnEventListRestricted  tasks.o
    0x9000a714   0x9000a714   0x0000005c   Code   RO         9712    i.vTaskStartScheduler  tasks.o
    0x9000a770   0x9000a770   0x00000010   Code   RO         9714    i.vTaskSuspendAll   tasks.o
    0x9000a780   0x9000a780   0x00000044   Code   RO         9715    i.vTaskSwitchContext  tasks.o
    0x9000a7c4   0x9000a7c4   0x00000040   Code   RO        10270    i.xPortStartScheduler  port.o
    0x9000a804   0x9000a804   0x00000054   Code   RO         9305    i.xQueueGenericCreate  queue.o
    0x9000a858   0x9000a858   0x000000a0   Code   RO         9306    i.xQueueGenericReset  queue.o
    0x9000a8f8   0x9000a8f8   0x000000f0   Code   RO         9315    i.xQueueReceive     queue.o
    0x9000a9e8   0x9000a9e8   0x00000050   Code   RO         9717    i.xTaskCheckForTimeOut  tasks.o
    0x9000aa38   0x9000aa38   0x0000005c   Code   RO         9718    i.xTaskCreate       tasks.o
    0x9000aa94   0x9000aa94   0x0000000c   Code   RO         9726    i.xTaskGetTickCount  tasks.o
    0x9000aaa0   0x9000aaa0   0x0000011c   Code   RO         9728    i.xTaskIncrementTick  tasks.o
    0x9000abbc   0x9000abbc   0x00000090   Code   RO         9729    i.xTaskPriorityDisinherit  tasks.o
    0x9000ac4c   0x9000ac4c   0x000000c8   Code   RO         9731    i.xTaskRemoveFromEventList  tasks.o
    0x9000ad14   0x9000ad14   0x00000124   Code   RO         9732    i.xTaskResumeAll    tasks.o
    0x9000ae38   0x9000ae38   0x0000003c   Code   RO        10060    i.xTimerCreateTimerTask  timers.o
    0x9000ae74   0x9000ae74   0x00000014   Data   RO         1025    .constdata          sd_diskio.o
    0x9000ae88   0x9000ae88   0x00000008   Data   RO         2229    .constdata          stm32h7xx_hal_dma.o
    0x9000ae90   0x9000ae90   0x00000018   Data   RO         6797    .constdata          stm32h7xx_hal_uart.o
    0x9000aea8   0x9000aea8   0x00000010   Data   RO         7163    .constdata          stm32h7xx_hal_uart_ex.o
    0x9000aeb8   0x9000aeb8   0x00000010   Data   RO         7268    .constdata          system_stm32h7xx.o
    0x9000aec8   0x9000aec8   0x00000040   Data   RO        10817    .constdata          mc_w.l(ctype_c.o)
    0x9000af08   0x9000af08   0x00000006   Data   RO         8697    .conststring        shell.o
    0x9000af0e   0x9000af0e   0x00000002   PAD
    0x9000af10   0x9000af10   0x0000004b   Data   RO         8766    .conststring        cmd_setenv.o
    0x9000af5b   0x9000af5b   0x00000001   PAD
    0x9000af5c   0x9000af5c   0x0000003c   Data   RO         8767    .conststring        cmd_setenv.o
    0x9000af98   0x9000af98   0x0000004b   Data   RO         8794    .conststring        cmd_reboot.o
    0x9000afe3   0x9000afe3   0x00000001   PAD
    0x9000afe4   0x9000afe4   0x00000071   Data   RO         8989    .conststring        cmd_help.o
    0x9000b055   0x9000b055   0x00000003   PAD
    0x9000b058   0x9000b058   0x00000037   Data   RO         9010    .conststring        cmd_go.o
    0x9000b08f   0x9000b08f   0x00000001   PAD
    0x9000b090   0x9000b090   0x0000004e   Data   RO         9034    .conststring        cmd_clear.o
    0x9000b0de   0x9000b0de   0x00000002   PAD
    0x9000b0e0   0x9000b0e0   0x00000020   Data   RO        10819    Region$$Table       anon$$obj.o


==============================================================================

Image component sizes


      Code (inc. data)   RO Data    RW Data    ZI Data      Debug   Object Name

       244         30          0          0        100       1901   adc.o
       174         26          0          0          0       4265   bsp_driver_sd.o
        94         18          0          0          0       3875   bsp_usart.o
        20         12         78         16          0        720   cmd_clear.o
         0          0         55         16          0        217   cmd_go.o
       148         38        113         16          0       1571   cmd_help.o
         0          0         75         16          0        229   cmd_reboot.o
       340        196        135         35          0       2200   cmd_setenv.o
        52         10          0         28          0       2482   command.o
       320        164          0         16          0       1477   creat_task.o
        60          4          0          0          0        926   dma.o
       112         18          0          0        104       1745   dma2d.o
         0          0          0          0          0      14624   event_groups.o
        28         10          0          5          0       1206   fatfs.o
        24          4          0          0          0        581   fatfs_platform.o
        70          6          0          0         12       1707   ff_gen_drv.o
       300         40          0          8         52       2392   fmc.o
       492         30          0          0          0       1443   gpio.o
       368         22          0         28      47104       5015   heap_4.o
       192         24          0          0         84       1873   i2c.o
        64         26          0          0          0      37017   interface_cmd.o
       138          0          0          0          0       3514   list.o
       436         36          0          0        168       2170   ltdc.o
       540         26          0          0          0    1458698   main.o
       430         64          0          0          0       4143   parser.o
       462         52          0          4          0      10140   port.o
       984         14          0          0         64      13823   queue.o
       232         14         20          1          0       4796   sd_diskio.o
       216         26          0          0        124       1924   sdmmc.o
       832         50          6          4        492       4073   shell.o
       272         28          0          0        136       1969   spi.o
        36          8        664          0       4096        844   startup_stm32h750xx.o
       232         44          0         12          0      23658   stm32h7xx_hal.o
      1846        150          0          0          0      68588   stm32h7xx_hal_adc.o
       198         12          0          0          0      39683   stm32h7xx_hal_cortex.o
      4776        180          8          0          0       9903   stm32h7xx_hal_dma.o
       336         16          0          0          0       2421   stm32h7xx_hal_dma2d.o
       618         50          0          0          0       4872   stm32h7xx_hal_gpio.o
       184          4          0          0          0       3371   stm32h7xx_hal_i2c.o
       172          0          0          0          0       2123   stm32h7xx_hal_i2c_ex.o
      1000          6          0          0          0       5862   stm32h7xx_hal_ltdc.o
        28          6          0          0          0        954   stm32h7xx_hal_msp.o
        84          6          0          0          0        801   stm32h7xx_hal_pwr_ex.o
      2466        102          0          0          0       7244   stm32h7xx_hal_rcc.o
      4776        174          0          0          0      10663   stm32h7xx_hal_rcc_ex.o
      3256         68          0          0          0      16067   stm32h7xx_hal_sd.o
        80          4          0          0          0       1333   stm32h7xx_hal_sdram.o
       380         14          0          0          0       1759   stm32h7xx_hal_spi.o
      2836        230          0          0          0      20810   stm32h7xx_hal_tim.o
       170         30          0          0          0       3296   stm32h7xx_hal_tim_ex.o
      2978        138         24          0          0      32643   stm32h7xx_hal_uart.o
       290          6         16          0          0       5598   stm32h7xx_hal_uart_ex.o
        78         30          0          0          0       5727   stm32h7xx_it.o
       282         12          0          0          0       3009   stm32h7xx_ll_fmc.o
      1790         72          0          0          0      24914   stm32h7xx_ll_sdmmc.o
       220         40         16          8          0       1542   system_stm32h7xx.o
        68         10          0          0          0       1468   task_app.o
      2272        158          0         64        200      33088   tasks.o
       612         68          0          0        228       4616   tim.o
       740         80          0         20         40      13334   timers.o
       380         34          0          0        388       2132   usart.o

    ----------------------------------------------------------------------
     40892       2740       1252        300      53396    1945039   Object Totals
         0          0         32          0          0          0   (incl. Generated)
        64          0         10          3          4          0   (incl. Padding)

    ----------------------------------------------------------------------

      Code (inc. data)   RO Data    RW Data    ZI Data      Debug   Library Member Name

        56          8          0          0          0         84   __0sscanf.o
        86          0          0          0          0          0   __dczerorl2.o
        28          0          0          0          0         68   _chval.o
       812          4          0          0          0        112   _scanf.o
       332          0          0          0          0         96   _scanf_int.o
        64          0          0          0          0         84   _sgetc.o
        40          6         64          0          0         68   ctype_c.o
         0          0          0          0          0          0   entry.o
         0          0          0          0          0          0   entry10a.o
         0          0          0          0          0          0   entry11a.o
         8          4          0          0          0          0   entry2.o
         4          0          0          0          0          0   entry5.o
         0          0          0          0          0          0   entry7b.o
         0          0          0          0          0          0   entry8b.o
         8          4          0          0          0          0   entry9a.o
        24          0          0          0          0         80   fputs.o
        30          0          0          0          0          0   handlers.o
        36          8          0          0          0         68   init.o
        10          0          0          0          0         68   isspace_c.o
        30          0          0          0          0         68   llshl.o
        32          0          0          0          0         68   llushr.o
        26          0          0          0          0         80   memcmp.o
        64          0          0          0          0         76   memmovea.o
        36          0          0          0          0        108   memseta.o
      1182         60          0          0          0        436   printf8.o
         4          0          0          0          0         68   putc.o
        40          8          0          0          0         84   scanf_char.o
         0          0          0          4          0          0   stderr.o
         0          0          0          4          0          0   stdout.o
        28          0          0          0          0         76   strcmp.o
        14          0          0          0          0         68   strlen.o
        98          0          0          0          0         92   uldiv.o

    ----------------------------------------------------------------------
      3104        102         64          8          0       1952   Library Totals
        12          0          0          0          0          0   (incl. Padding)

    ----------------------------------------------------------------------

      Code (inc. data)   RO Data    RW Data    ZI Data      Debug   Library Name

      3092        102         64          8          0       1952   mc_w.l

    ----------------------------------------------------------------------
      3104        102         64          8          0       1952   Library Totals

    ----------------------------------------------------------------------

==============================================================================


      Code (inc. data)   RO Data    RW Data    ZI Data      Debug   

     43996       2842       1316        308      53396    1917535   Grand Totals
     43996       2842       1316        128      53396    1917535   ELF Image Totals (compressed)
     43996       2842       1316        128          0          0   ROM Totals

==============================================================================

    Total RO  Size (Code + RO Data)                45312 (  44.25kB)
    Total RW  Size (RW Data + ZI Data)             53704 (  52.45kB)
    Total ROM Size (Code + RO Data + RW Data)      45440 (  44.38kB)

==============================================================================

